Archive member included to satisfy reference by file (symbol)

c:/program files (x86)/gnu tools arm embedded/7 2017-q4-major/bin/../lib/gcc/arm-none-eabi/7.2.1/../../../../arm-none-eabi/lib/thumb/v7e-m/fpv4-sp/hard\libc_nano.a(lib_a-errno.o)
                              build/syscalls.o (__errno)
c:/program files (x86)/gnu tools arm embedded/7 2017-q4-major/bin/../lib/gcc/arm-none-eabi/7.2.1/../../../../arm-none-eabi/lib/thumb/v7e-m/fpv4-sp/hard\libc_nano.a(lib_a-exit.o)
                              c:/program files (x86)/gnu tools arm embedded/7 2017-q4-major/bin/../lib/gcc/arm-none-eabi/7.2.1/../../../../arm-none-eabi/lib/thumb/v7e-m/fpv4-sp/hard/crt0.o (exit)
c:/program files (x86)/gnu tools arm embedded/7 2017-q4-major/bin/../lib/gcc/arm-none-eabi/7.2.1/../../../../arm-none-eabi/lib/thumb/v7e-m/fpv4-sp/hard\libc_nano.a(lib_a-impure.o)
                              c:/program files (x86)/gnu tools arm embedded/7 2017-q4-major/bin/../lib/gcc/arm-none-eabi/7.2.1/../../../../arm-none-eabi/lib/thumb/v7e-m/fpv4-sp/hard\libc_nano.a(lib_a-exit.o) (_global_impure_ptr)
c:/program files (x86)/gnu tools arm embedded/7 2017-q4-major/bin/../lib/gcc/arm-none-eabi/7.2.1/../../../../arm-none-eabi/lib/thumb/v7e-m/fpv4-sp/hard\libc_nano.a(lib_a-init.o)
                              c:/program files (x86)/gnu tools arm embedded/7 2017-q4-major/bin/../lib/gcc/arm-none-eabi/7.2.1/../../../../arm-none-eabi/lib/thumb/v7e-m/fpv4-sp/hard/crt0.o (__libc_init_array)
c:/program files (x86)/gnu tools arm embedded/7 2017-q4-major/bin/../lib/gcc/arm-none-eabi/7.2.1/../../../../arm-none-eabi/lib/thumb/v7e-m/fpv4-sp/hard\libc_nano.a(lib_a-memset.o)
                              c:/program files (x86)/gnu tools arm embedded/7 2017-q4-major/bin/../lib/gcc/arm-none-eabi/7.2.1/../../../../arm-none-eabi/lib/thumb/v7e-m/fpv4-sp/hard/crt0.o (memset)
c:/program files (x86)/gnu tools arm embedded/7 2017-q4-major/bin/../lib/gcc/arm-none-eabi/7.2.1/../../../../arm-none-eabi/lib/thumb/v7e-m/fpv4-sp/hard\libc_nano.a(lib_a-nano-vfprintf_float.o)
                              (_printf_float)
c:/program files (x86)/gnu tools arm embedded/7 2017-q4-major/bin/../lib/gcc/arm-none-eabi/7.2.1/../../../../arm-none-eabi/lib/thumb/v7e-m/fpv4-sp/hard\libc_nano.a(lib_a-nano-vfprintf_i.o)
                              c:/program files (x86)/gnu tools arm embedded/7 2017-q4-major/bin/../lib/gcc/arm-none-eabi/7.2.1/../../../../arm-none-eabi/lib/thumb/v7e-m/fpv4-sp/hard\libc_nano.a(lib_a-nano-vfprintf_float.o) (_printf_common)
c:/program files (x86)/gnu tools arm embedded/7 2017-q4-major/bin/../lib/gcc/arm-none-eabi/7.2.1/../../../../arm-none-eabi/lib/thumb/v7e-m/fpv4-sp/hard\libc_nano.a(lib_a-printf.o)
                              build/main.o (printf)
c:/program files (x86)/gnu tools arm embedded/7 2017-q4-major/bin/../lib/gcc/arm-none-eabi/7.2.1/../../../../arm-none-eabi/lib/thumb/v7e-m/fpv4-sp/hard\libc_nano.a(lib_a-setbuf.o)
                              build/function.o (setbuf)
c:/program files (x86)/gnu tools arm embedded/7 2017-q4-major/bin/../lib/gcc/arm-none-eabi/7.2.1/../../../../arm-none-eabi/lib/thumb/v7e-m/fpv4-sp/hard\libc_nano.a(lib_a-setvbuf.o)
                              c:/program files (x86)/gnu tools arm embedded/7 2017-q4-major/bin/../lib/gcc/arm-none-eabi/7.2.1/../../../../arm-none-eabi/lib/thumb/v7e-m/fpv4-sp/hard\libc_nano.a(lib_a-setbuf.o) (setvbuf)
c:/program files (x86)/gnu tools arm embedded/7 2017-q4-major/bin/../lib/gcc/arm-none-eabi/7.2.1/../../../../arm-none-eabi/lib/thumb/v7e-m/fpv4-sp/hard\libc_nano.a(lib_a-strlen.o)
                              c:/program files (x86)/gnu tools arm embedded/7 2017-q4-major/bin/../lib/gcc/arm-none-eabi/7.2.1/../../../../arm-none-eabi/lib/thumb/v7e-m/fpv4-sp/hard\libc_nano.a(lib_a-nano-vfprintf_float.o) (strlen)
c:/program files (x86)/gnu tools arm embedded/7 2017-q4-major/bin/../lib/gcc/arm-none-eabi/7.2.1/../../../../arm-none-eabi/lib/thumb/v7e-m/fpv4-sp/hard\libc_nano.a(lib_a-dtoa.o)
                              c:/program files (x86)/gnu tools arm embedded/7 2017-q4-major/bin/../lib/gcc/arm-none-eabi/7.2.1/../../../../arm-none-eabi/lib/thumb/v7e-m/fpv4-sp/hard\libc_nano.a(lib_a-nano-vfprintf_float.o) (_dtoa_r)
c:/program files (x86)/gnu tools arm embedded/7 2017-q4-major/bin/../lib/gcc/arm-none-eabi/7.2.1/../../../../arm-none-eabi/lib/thumb/v7e-m/fpv4-sp/hard\libc_nano.a(lib_a-fflush.o)
                              c:/program files (x86)/gnu tools arm embedded/7 2017-q4-major/bin/../lib/gcc/arm-none-eabi/7.2.1/../../../../arm-none-eabi/lib/thumb/v7e-m/fpv4-sp/hard\libc_nano.a(lib_a-setvbuf.o) (_fflush_r)
c:/program files (x86)/gnu tools arm embedded/7 2017-q4-major/bin/../lib/gcc/arm-none-eabi/7.2.1/../../../../arm-none-eabi/lib/thumb/v7e-m/fpv4-sp/hard\libc_nano.a(lib_a-findfp.o)
[...]
Memory Configuration

Name             Origin             Length             Attributes
RAM              0x20000000         0x00020000         xrw
FLASH            0x08000000         0x00080000         xr
*default*        0x00000000         0xffffffff

Linker script and memory map

LOAD c:/program files (x86)/gnu tools arm embedded/7 2017-q4-major/bin/../lib/gcc/arm-none-eabi/7.2.1/thumb/v7e-m/fpv4-sp/hard/crti.o
LOAD c:/program files (x86)/gnu tools arm embedded/7 2017-q4-major/bin/../lib/gcc/arm-none-eabi/7.2.1/thumb/v7e-m/fpv4-sp/hard/crtbegin.o
LOAD c:/program files (x86)/gnu tools arm embedded/7 2017-q4-major/bin/../lib/gcc/arm-none-eabi/7.2.1/../../../../arm-none-eabi/lib/thumb/v7e-m/fpv4-sp/hard/crt0.o
LOAD build/stm32f4xx_hal_tim.o
LOAD build/stm32f4xx_hal_cortex.o
LOAD build/tim.o
LOAD build/stm32f4xx_hal_flash_ramfunc.o
LOAD build/stm32f4xx_hal.o
LOAD build/main.o
LOAD build/stm32f4xx_hal_msp.o
LOAD build/stm32f4xx_hal_uart.o
LOAD build/stm32f4xx_hal_flash.o
LOAD build/stm32f4xx_hal_rcc_ex.o
LOAD build/usart.o
LOAD build/spi.o
LOAD build/stm32f4xx_hal_dma.o
LOAD build/stm32f4xx_hal_flash_ex.o
LOAD build/stm32f4xx_hal_tim_ex.o
LOAD build/stm32f4xx_hal_adc_ex.o
LOAD build/system_stm32f4xx.o
LOAD build/stm32f4xx_hal_gpio.o
LOAD build/stm32f4xx_it.o
LOAD build/stm32f4xx_hal_dma_ex.o
LOAD build/stm32f4xx_hal_adc.o
LOAD build/adc.o
LOAD build/gpio.o
LOAD build/stm32f4xx_hal_pwr.o
LOAD build/stm32f4xx_hal_rcc.o
LOAD build/stm32f4xx_hal_spi.o
LOAD build/stm32f4xx_hal_pwr_ex.o
LOAD build/variable.o
LOAD build/syscalls.o
LOAD build/function.o
LOAD build/startup_stm32f411xe.o
LOAD c:/program files (x86)/gnu tools arm embedded/7 2017-q4-major/bin/../lib/gcc/arm-none-eabi/7.2.1/../../../../arm-none-eabi/lib/thumb/v7e-m/fpv4-sp/hard\libc_nano.a
LOAD c:/program files (x86)/gnu tools arm embedded/7 2017-q4-major/bin/../lib/gcc/arm-none-eabi/7.2.1/../../../../arm-none-eabi/lib/thumb/v7e-m/fpv4-sp/hard\libm.a
LOAD c:/program files (x86)/gnu tools arm embedded/7 2017-q4-major/bin/../lib/gcc/arm-none-eabi/7.2.1/../../../../arm-none-eabi/lib/thumb/v7e-m/fpv4-sp/hard\libnosys.a
START GROUP
LOAD c:/program files (x86)/gnu tools arm embedded/7 2017-q4-major/bin/../lib/gcc/arm-none-eabi/7.2.1/thumb/v7e-m/fpv4-sp/hard\libgcc.a
LOAD c:/program files (x86)/gnu tools arm embedded/7 2017-q4-major/bin/../lib/gcc/arm-none-eabi/7.2.1/../../../../arm-none-eabi/lib/thumb/v7e-m/fpv4-sp/hard\libc_nano.a
END GROUP
START GROUP
LOAD c:/program files (x86)/gnu tools arm embedded/7 2017-q4-major/bin/../lib/gcc/arm-none-eabi/7.2.1/thumb/v7e-m/fpv4-sp/hard\libgcc.a
LOAD c:/program files (x86)/gnu tools arm embedded/7 2017-q4-major/bin/../lib/gcc/arm-none-eabi/7.2.1/../../../../arm-none-eabi/lib/thumb/v7e-m/fpv4-sp/hard\libc_nano.a
END GROUP
LOAD c:/program files (x86)/gnu tools arm embedded/7 2017-q4-major/bin/../lib/gcc/arm-none-eabi/7.2.1/thumb/v7e-m/fpv4-sp/hard/crtend.o
LOAD c:/program files (x86)/gnu tools arm embedded/7 2017-q4-major/bin/../lib/gcc/arm-none-eabi/7.2.1/thumb/v7e-m/fpv4-sp/hard/crtn.o
                0x20020000                _estack = 0x20020000
                0x00000200                _Min_Heap_Size = 0x200
                0x00000400                _Min_Stack_Size = 0x400

.isr_vector     0x08000000      0x198
                0x08000000                . = ALIGN (0x4)
 *(.isr_vector)
 .isr_vector    0x08000000      0x198 build/startup_stm32f411xe.o
                0x08000000                g_pfnVectors
                0x08000198                . = ALIGN (0x4)

.text           0x080001a0     0x5ff8
                0x080001a0                . = ALIGN (0x4)
 *(.text)
 .text          0x080001a0       0x40 c:/program files (x86)/gnu tools arm embedded/7 2017-q4-major/bin/../lib/gcc/arm-none-eabi/7.2.1/thumb/v7e-m/fpv4-sp/hard/crtbegin.o
 .text          0x080001e0       0x10 c:/program files (x86)/gnu tools arm embedded/7 2017-q4-major/bin/../lib/gcc/arm-none-eabi/7.2.1/../../../../arm-none-eabi/lib/thumb/v7e-m/fpv4-sp/hard\libc_nano.a(lib_a-strlen.o)
                0x080001e0                strlen
 .text          0x080001f0       0xa0 c:/program files (x86)/gnu tools arm embedded/7 2017-q4-major/bin/../lib/gcc/arm-none-eabi/7.2.1/../../../../arm-none-eabi/lib/thumb/v7e-m/fpv4-sp/hard\libc_nano.a(lib_a-memchr.o)
                0x080001f0                memchr
 .text          0x08000290      0x378 c:/program files (x86)/gnu tools arm embedded/7 2017-q4-major/bin/../lib/gcc/arm-none-eabi/7.2.1/thumb/v7e-m/fpv4-sp/hard\libgcc.a(_arm_addsubdf3.o)
                0x08000290                __aeabi_drsub
                0x08000298                __aeabi_dsub
                0x08000298                __subdf3
                0x0800029c                __aeabi_dadd
                0x0800029c                __adddf3
                0x08000514                __floatunsidf
                0x08000514                __aeabi_ui2d
                0x08000534                __floatsidf
                0x08000534                __aeabi_i2d
                0x08000558                __aeabi_f2d
                0x08000558                __extendsfdf2
                0x0800059c                __floatundidf
                0x0800059c                __aeabi_ul2d
                0x080005ac                __floatdidf
                0x080005ac                __aeabi_l2d
 .text          0x08000608      0x424 c:/program files (x86)/gnu tools arm embedded/7 2017-q4-major/bin/../lib/gcc/arm-none-eabi/7.2.1/thumb/v7e-m/fpv4-sp/hard\libgcc.a(_arm_muldivdf3.o)
                0x08000608                __aeabi_dmul
                0x08000608                __muldf3
                0x0800085c                __divdf3
                0x0800085c                __aeabi_ddiv
 .text          0x08000a2c      0x110 c:/program files (x86)/gnu tools arm embedded/7 2017-q4-major/bin/../lib/gcc/arm-none-eabi/7.2.1/thumb/v7e-m/fpv4-sp/hard\libgcc.a(_arm_cmpdf2.o)
                0x08000a2c                __gtdf2
                0x08000a2c                __gedf2
                0x08000a34                __ltdf2
                0x08000a34                __ledf2
                0x08000a3c                __nedf2
                0x08000a3c                __eqdf2
                0x08000a3c                __cmpdf2
                0x08000ab8                __aeabi_cdrcmple
                0x08000ac8                __aeabi_cdcmpeq
                0x08000ac8                __aeabi_cdcmple
                0x08000ad8                __aeabi_dcmpeq
                0x08000aec                __aeabi_dcmplt
                0x08000b00                __aeabi_dcmple
                0x08000b14                __aeabi_dcmpge
                0x08000b28                __aeabi_dcmpgt
 .text          0x08000b3c       0x2c c:/program files (x86)/gnu tools arm embedded/7 2017-q4-major/bin/../lib/gcc/arm-none-eabi/7.2.1/thumb/v7e-m/fpv4-sp/hard\libgcc.a(_arm_unorddf2.o)
                0x08000b3c                __unorddf2
                0x08000b3c                __aeabi_dcmpun
 .text          0x08000b68       0x50 c:/program files (x86)/gnu tools arm embedded/7 2017-q4-major/bin/../lib/gcc/arm-none-eabi/7.2.1/thumb/v7e-m/fpv4-sp/hard\libgcc.a(_arm_fixdfsi.o)
                0x08000b68                __aeabi_d2iz
                0x08000b68                __fixdfsi
 .text          0x08000bb8       0x30 c:/program files (x86)/gnu tools arm embedded/7 2017-q4-major/bin/../lib/gcc/arm-none-eabi/7.2.1/thumb/v7e-m/fpv4-sp/hard\libgcc.a(_aeabi_uldivmod.o)
                0x08000bb8                __aeabi_uldivmod
 .text          0x08000be8      0x2cc c:/program files (x86)/gnu tools arm embedded/7 2017-q4-major/bin/../lib/gcc/arm-none-eabi/7.2.1/thumb/v7e-m/fpv4-sp/hard\libgcc.a(_udivmoddi4.o)
                0x08000be8                __udivmoddi4
 .text          0x08000eb4        0x4 c:/program files (x86)/gnu tools arm embedded/7 2017-q4-major/bin/../lib/gcc/arm-none-eabi/7.2.1/thumb/v7e-m/fpv4-sp/hard\libgcc.a(_dvmd_tls.o)
                0x08000eb4                __aeabi_idiv0
                0x08000eb4                __aeabi_ldiv0
 *(.text*)
 .text.TIM_OC1_SetConfig
                0x08000eb8       0x54 build/stm32f4xx_hal_tim.o
 .text.TIM_OC3_SetConfig
                0x08000f0c       0x5c build/stm32f4xx_hal_tim.o
 .text.TIM_OC4_SetConfig
                0x08000f68       0x48 build/stm32f4xx_hal_tim.o
 .text.TIM_Base_SetConfig
                0x08000fb0       0x94 build/stm32f4xx_hal_tim.o
                0x08000fb0                TIM_Base_SetConfig
 .text.HAL_TIM_PWM_Init
                0x08001044       0x32 build/stm32f4xx_hal_tim.o
                0x08001044                HAL_TIM_PWM_Init
 *fill*         0x08001076        0x2 
 .text.TIM_OC2_SetConfig
                0x08001078       0x5c build/stm32f4xx_hal_tim.o
                0x08001078                TIM_OC2_SetConfig
 .text.HAL_TIM_PWM_ConfigChannel
                0x080010d4       0xdc build/stm32f4xx_hal_tim.o
                0x080010d4                HAL_TIM_PWM_ConfigChannel
 .text.HAL_NVIC_SetPriorityGrouping
                0x080011b0       0x24 build/stm32f4xx_hal_cortex.o
                0x080011b0                HAL_NVIC_SetPriorityGrouping
 .text.HAL_NVIC_SetPriority
                0x080011d4       0x68 build/stm32f4xx_hal_cortex.o
                0x080011d4                HAL_NVIC_SetPriority
 .text.HAL_SYSTICK_Config
                0x0800123c       0x2c build/stm32f4xx_hal_cortex.o
                0x0800123c                HAL_SYSTICK_Config
 .text.HAL_SYSTICK_CLKSourceConfig
                0x08001268       0x20 build/stm32f4xx_hal_cortex.o
                0x08001268                HAL_SYSTICK_CLKSourceConfig
 .text.HAL_SYSTICK_Callback
                0x08001288        0x2 build/stm32f4xx_hal_cortex.o
                0x08001288                HAL_SYSTICK_Callback
 .text.HAL_SYSTICK_IRQHandler
                0x0800128a        0x8 build/stm32f4xx_hal_cortex.o
                0x0800128a                HAL_SYSTICK_IRQHandler
 *fill*         0x08001292        0x2 
 .text.HAL_TIM_PWM_MspInit
                0x08001294       0x50 build/tim.o
                0x08001294                HAL_TIM_PWM_MspInit
 .text.HAL_TIM_MspPostInit
                0x080012e4       0x60 build/tim.o
                0x080012e4                HAL_TIM_MspPostInit
 .text.MX_TIM2_Init
                0x08001344       0x78 build/tim.o
                0x08001344                MX_TIM2_Init
 .text.MX_TIM4_Init
                0x080013bc       0x94 build/tim.o
                0x080013bc                MX_TIM4_Init
 .text.HAL_InitTick
                0x08001450       0x4c build/stm32f4xx_hal.o
                0x08001450                HAL_InitTick
 .text.HAL_Init
                0x0800149c       0x34 build/stm32f4xx_hal.o
                0x0800149c                HAL_Init
 .text.HAL_IncTick
                0x080014d0       0x18 build/stm32f4xx_hal.o
                0x080014d0                HAL_IncTick
 .text.HAL_GetTick
                0x080014e8        0xc build/stm32f4xx_hal.o
                0x080014e8                HAL_GetTick
 .text.HAL_Delay
                0x080014f4       0x28 build/stm32f4xx_hal.o
                0x080014f4                HAL_Delay
 .text.__io_putchar
                0x0800151c       0x20 build/main.o
                0x0800151c                __io_putchar
 .text._Error_Handler
                0x0800153c        0x2 build/main.o
                0x0800153c                _Error_Handler
 *fill*         0x0800153e        0x2 
 .text.SystemClock_Config
                0x08001540       0xbc build/main.o
                0x08001540                SystemClock_Config
 .text.main     0x080015fc       0x54 build/main.o
                0x080015fc                main
 .text.HAL_MspInit
                0x08001650       0x5e build/stm32f4xx_hal_msp.o
                0x08001650                HAL_MspInit
 *fill*         0x080016ae        0x2 
 .text.UART_SetConfig
                0x080016b0      0x334 build/stm32f4xx_hal_uart.o
 .text.UART_WaitOnFlagUntilTimeout
                0x080019e4       0x62 build/stm32f4xx_hal_uart.o
 .text.HAL_UART_Init
                0x08001a46       0x5e build/stm32f4xx_hal_uart.o
                0x08001a46                HAL_UART_Init
 .text.HAL_UART_Transmit
                0x08001aa4       0xe0 build/stm32f4xx_hal_uart.o
                0x08001aa4                HAL_UART_Transmit
 .text.MX_USART1_UART_Init
                0x08001b84       0x3c build/usart.o
                0x08001b84                MX_USART1_UART_Init
 .text.HAL_UART_MspInit
                0x08001bc0       0x58 build/usart.o
                0x08001bc0                HAL_UART_MspInit
 .text.MX_SPI1_Init
                0x08001c18       0x50 build/spi.o
                0x08001c18                MX_SPI1_Init
 .text.MX_SPI2_Init
                0x08001c68       0x50 build/spi.o
                0x08001c68                MX_SPI2_Init
 .text.HAL_SPI_MspInit
                0x08001cb8       0x98 build/spi.o
                0x08001cb8                HAL_SPI_MspInit
 .text.read_byte
                0x08001d50       0x54 build/spi.o
                0x08001d50                read_byte
 .text.read_shift_byte
                0x08001da4       0x5c build/spi.o
                0x08001da4                read_shift_byte
 .text.write_byte
                0x08001e00       0x54 build/spi.o
                0x08001e00                write_byte
 .text.MPU6500_init
                0x08001e54       0x90 build/spi.o
                0x08001e54                MPU6500_init
 .text.MPU6500_read_gyro_z
                0x08001ee4       0x3c build/spi.o
                0x08001ee4                MPU6500_read_gyro_z
 .text.MPU6500_z_axis_offset_calc_start
                0x08001f20       0x28 build/spi.o
                0x08001f20                MPU6500_z_axis_offset_calc_start
 .text.MPU6500_z_axis_offset_calc
                0x08001f48       0x6c build/spi.o
                0x08001f48                MPU6500_z_axis_offset_calc
 .text.UpdataGyro
                0x08001fb4       0x3c build/spi.o
                0x08001fb4                UpdataGyro
 .text.parity   0x08001ff0       0x16 build/spi.o
                0x08001ff0                parity
 *fill*         0x08002006        0x2 
 .text.enc_read_byte
                0x08002008       0x7c build/spi.o
                0x08002008                enc_read_byte
 .text.enc_write_byte
                0x08002084       0x84 build/spi.o
                0x08002084                enc_write_byte
 .text.set_enc  0x08002108       0xa0 build/spi.o
                0x08002108                set_enc
 .text.get_enc_val
                0x080021a8       0x34 build/spi.o
                0x080021a8                get_enc_val
 .text.HAL_TIMEx_MasterConfigSynchronization
                0x080021dc       0x52 build/stm32f4xx_hal_tim_ex.o
                0x080021dc                HAL_TIMEx_MasterConfigSynchronization
 *fill*         0x0800222e        0x2 
 .text.SystemInit
                0x08002230       0x4c build/system_stm32f4xx.o
                0x08002230                SystemInit
 .text.HAL_GPIO_Init
                0x0800227c      0x1a4 build/stm32f4xx_hal_gpio.o
                0x0800227c                HAL_GPIO_Init
 .text.HAL_GPIO_WritePin
                0x08002420        0xc build/stm32f4xx_hal_gpio.o
                0x08002420                HAL_GPIO_WritePin
 .text.NMI_Handler
                0x0800242c        0x2 build/stm32f4xx_it.o
                0x0800242c                NMI_Handler
 .text.HardFault_Handler
                0x0800242e        0x2 build/stm32f4xx_it.o
                0x0800242e                HardFault_Handler
 .text.MemManage_Handler
                0x08002430        0x2 build/stm32f4xx_it.o
                0x08002430                MemManage_Handler
 .text.BusFault_Handler
                0x08002432        0x2 build/stm32f4xx_it.o
                0x08002432                BusFault_Handler
 .text.UsageFault_Handler
                0x08002434        0x2 build/stm32f4xx_it.o
                0x08002434                UsageFault_Handler
 .text.SVC_Handler
                0x08002436        0x2 build/stm32f4xx_it.o
                0x08002436                SVC_Handler
 .text.DebugMon_Handler
                0x08002438        0x2 build/stm32f4xx_it.o
                0x08002438                DebugMon_Handler
 .text.PendSV_Handler
                0x0800243a        0x2 build/stm32f4xx_it.o
                0x0800243a                PendSV_Handler
 .text.SysTick_Handler
                0x0800243c       0x14 build/stm32f4xx_it.o
                0x0800243c                SysTick_Handler
 .text.ADC_Init
                0x08002450      0x130 build/stm32f4xx_hal_adc.o
 .text.HAL_ADC_Init
                0x08002580       0x54 build/stm32f4xx_hal_adc.o
                0x08002580                HAL_ADC_Init
 .text.HAL_ADC_Start
                0x080025d4       0xf8 build/stm32f4xx_hal_adc.o
                0x080025d4                HAL_ADC_Start
 .text.HAL_ADC_Stop
                0x080026cc       0x40 build/stm32f4xx_hal_adc.o
                0x080026cc                HAL_ADC_Stop
 .text.HAL_ADC_PollForConversion
                0x0800270c       0xb6 build/stm32f4xx_hal_adc.o
                0x0800270c                HAL_ADC_PollForConversion
 .text.HAL_ADC_GetValue
                0x080027c2        0x6 build/stm32f4xx_hal_adc.o
                0x080027c2                HAL_ADC_GetValue
 .text.HAL_ADC_ConfigChannel
                0x080027c8      0x194 build/stm32f4xx_hal_adc.o
                0x080027c8                HAL_ADC_ConfigChannel
 .text.MX_ADC1_Init
                0x0800295c       0x70 build/adc.o
                0x0800295c                MX_ADC1_Init
 .text.HAL_ADC_MspInit
                0x080029cc       0x48 build/adc.o
                0x080029cc                HAL_ADC_MspInit
 .text.battMonitor
                0x08002a14       0x4c build/adc.o
                0x08002a14                battMonitor
 .text.battChecker
                0x08002a60       0x74 build/adc.o
                0x08002a60                battChecker
 .text.MX_GPIO_Init
                0x08002ad4       0xc8 build/gpio.o
                0x08002ad4                MX_GPIO_Init
 .text.Led      0x08002b9c       0x4c build/gpio.o
                0x08002b9c                Led
 .text.HAL_RCC_OscConfig
                0x08002be8      0x398 build/stm32f4xx_hal_rcc.o
                0x08002be8                HAL_RCC_OscConfig
 .text.HAL_RCC_GetSysClockFreq
                0x08002f80       0xa8 build/stm32f4xx_hal_rcc.o
                0x08002f80                HAL_RCC_GetSysClockFreq
 .text.HAL_RCC_ClockConfig
                0x08003028      0x158 build/stm32f4xx_hal_rcc.o
                0x08003028                HAL_RCC_ClockConfig
 .text.HAL_RCC_GetHCLKFreq
                0x08003180        0xc build/stm32f4xx_hal_rcc.o
                0x08003180                HAL_RCC_GetHCLKFreq
 .text.HAL_RCC_GetPCLK1Freq
                0x0800318c       0x20 build/stm32f4xx_hal_rcc.o
                0x0800318c                HAL_RCC_GetPCLK1Freq
 .text.HAL_RCC_GetPCLK2Freq
                0x080031ac       0x20 build/stm32f4xx_hal_rcc.o
                0x080031ac                HAL_RCC_GetPCLK2Freq
 .text.SPI_WaitFlagStateUntilTimeout
                0x080031cc       0x96 build/stm32f4xx_hal_spi.o
 .text.SPI_CheckFlag_BSY
                0x08003262       0x28 build/stm32f4xx_hal_spi.o
 .text.HAL_SPI_Init
                0x0800328a       0x80 build/stm32f4xx_hal_spi.o
                0x0800328a                HAL_SPI_Init
 .text.HAL_SPI_Transmit
                0x0800330a      0x1a6 build/stm32f4xx_hal_spi.o
                0x0800330a                HAL_SPI_Transmit
 .text.HAL_SPI_TransmitReceive
                0x080034b0      0x238 build/stm32f4xx_hal_spi.o
                0x080034b0                HAL_SPI_TransmitReceive
 .text.HAL_SPI_Receive
                0x080036e8      0x168 build/stm32f4xx_hal_spi.o
                0x080036e8                HAL_SPI_Receive
 .text._read    0x08003850       0x1c build/syscalls.o
                0x08003850                _read
 .text._write   0x0800386c       0x1c build/syscalls.o
                0x0800386c                _write
 .text._sbrk    0x08003888       0x3c build/syscalls.o
                0x08003888                _sbrk
 .text._close   0x080038c4        0x6 build/syscalls.o
                0x080038c4                _close
 .text._fstat   0x080038ca        0xa build/syscalls.o
                0x080038ca                _fstat
 .text._isatty  0x080038d4        0x4 build/syscalls.o
                0x080038d4                _isatty
 .text._lseek   0x080038d8        0x4 build/syscalls.o
                0x080038d8                _lseek
 .text.machine_init
                0x080038dc       0x34 build/function.o
                0x080038dc                machine_init
 .text.Reset_Handler
                0x08003910       0x50 build/startup_stm32f411xe.o
                0x08003910                Reset_Handler
 .text.Default_Handler
                0x08003960        0x2 build/startup_stm32f411xe.o
                0x08003960                RTC_Alarm_IRQHandler
                0x08003960                EXTI2_IRQHandler
                0x08003960                SPI4_IRQHandler
                0x08003960                TIM1_CC_IRQHandler
                0x08003960                DMA2_Stream5_IRQHandler
                0x08003960                DMA1_Stream5_IRQHandler
                0x08003960                PVD_IRQHandler
                0x08003960                SDIO_IRQHandler
                0x08003960                TAMP_STAMP_IRQHandler
                0x08003960                EXTI3_IRQHandler
                0x08003960                TIM1_UP_TIM10_IRQHandler
                0x08003960                I2C3_ER_IRQHandler
                0x08003960                EXTI0_IRQHandler
                0x08003960                I2C2_EV_IRQHandler
                0x08003960                DMA1_Stream2_IRQHandler
                0x08003960                FPU_IRQHandler
                0x08003960                DMA2_Stream2_IRQHandler
                0x08003960                SPI1_IRQHandler
                0x08003960                TIM1_BRK_TIM9_IRQHandler
                0x08003960                DMA2_Stream3_IRQHandler
                0x08003960                USART6_IRQHandler
                0x08003960                DMA2_Stream0_IRQHandler
                0x08003960                TIM4_IRQHandler
                0x08003960                I2C1_EV_IRQHandler
                0x08003960                DMA1_Stream6_IRQHandler
                0x08003960                DMA1_Stream1_IRQHandler
                0x08003960                TIM3_IRQHandler
                0x08003960                RCC_IRQHandler
                0x08003960                Default_Handler
                0x08003960                EXTI15_10_IRQHandler
                0x08003960                ADC_IRQHandler
                0x08003960                DMA1_Stream7_IRQHandler
                0x08003960                SPI5_IRQHandler
                0x08003960                TIM5_IRQHandler
                0x08003960                DMA2_Stream7_IRQHandler
                0x08003960                I2C3_EV_IRQHandler
                0x08003960                EXTI9_5_IRQHandler
                0x08003960                RTC_WKUP_IRQHandler
                0x08003960                SPI2_IRQHandler
                0x08003960                DMA1_Stream0_IRQHandler
                0x08003960                EXTI4_IRQHandler
                0x08003960                WWDG_IRQHandler
                0x08003960                TIM2_IRQHandler
                0x08003960                OTG_FS_WKUP_IRQHandler
                0x08003960                TIM1_TRG_COM_TIM11_IRQHandler
                0x08003960                EXTI1_IRQHandler
                0x08003960                USART2_IRQHandler
                0x08003960                I2C2_ER_IRQHandler
                0x08003960                DMA2_Stream1_IRQHandler
                0x08003960                FLASH_IRQHandler
                0x08003960                DMA2_Stream4_IRQHandler
                0x08003960                USART1_IRQHandler
                0x08003960                OTG_FS_IRQHandler
                0x08003960                SPI3_IRQHandler
                0x08003960                DMA1_Stream4_IRQHandler
                0x08003960                I2C1_ER_IRQHandler
                0x08003960                DMA2_Stream6_IRQHandler
                0x08003960                DMA1_Stream3_IRQHandler
 *fill*         0x08003962        0x2 
 .text.__errno  0x08003964        0xc c:/program files (x86)/gnu tools arm embedded/7 2017-q4-major/bin/../lib/gcc/arm-none-eabi/7.2.1/../../../../arm-none-eabi/lib/thumb/v7e-m/fpv4-sp/hard\libc_nano.a(lib_a-errno.o)
                0x08003964                __errno
 .text.__libc_init_array
                0x08003970       0x48 c:/program files (x86)/gnu tools arm embedded/7 2017-q4-major/bin/../lib/gcc/arm-none-eabi/7.2.1/../../../../arm-none-eabi/lib/thumb/v7e-m/fpv4-sp/hard\libc_nano.a(lib_a-init.o)
                0x08003970                __libc_init_array
 .text.memset   0x080039b8       0x10 c:/program files (x86)/gnu tools arm embedded/7 2017-q4-major/bin/../lib/gcc/arm-none-eabi/7.2.1/../../../../arm-none-eabi/lib/thumb/v7e-m/fpv4-sp/hard\libc_nano.a(lib_a-memset.o)
                0x080039b8                memset
 .text.__cvt    0x080039c8       0xc2 c:/program files (x86)/gnu tools arm embedded/7 2017-q4-major/bin/../lib/gcc/arm-none-eabi/7.2.1/../../../../arm-none-eabi/lib/thumb/v7e-m/fpv4-sp/hard\libc_nano.a(lib_a-nano-vfprintf_float.o)
                0x080039c8                __cvt
 .text.__exponent
                0x08003a8a       0x66 c:/program files (x86)/gnu tools arm embedded/7 2017-q4-major/bin/../lib/gcc/arm-none-eabi/7.2.1/../../../../arm-none-eabi/lib/thumb/v7e-m/fpv4-sp/hard\libc_nano.a(lib_a-nano-vfprintf_float.o)
                0x08003a8a                __exponent
 .text._printf_float
                0x08003af0      0x480 c:/program files (x86)/gnu tools arm embedded/7 2017-q4-major/bin/../lib/gcc/arm-none-eabi/7.2.1/../../../../arm-none-eabi/lib/thumb/v7e-m/fpv4-sp/hard\libc_nano.a(lib_a-nano-vfprintf_float.o)
                0x08003af0                _printf_float
 .text._printf_common
                0x08003f70       0xea c:/program files (x86)/gnu tools arm embedded/7 2017-q4-major/bin/../lib/gcc/arm-none-eabi/7.2.1/../../../../arm-none-eabi/lib/thumb/v7e-m/fpv4-sp/hard\libc_nano.a(lib_a-nano-vfprintf_i.o)
                0x08003f70                _printf_common
 *fill*         0x0800405a        0x2 
 .text._printf_i
                0x0800405c      0x224 c:/program files (x86)/gnu tools arm embedded/7 2017-q4-major/bin/../lib/gcc/arm-none-eabi/7.2.1/../../../../arm-none-eabi/lib/thumb/v7e-m/fpv4-sp/hard\libc_nano.a(lib_a-nano-vfprintf_i.o)
                0x0800405c                _printf_i
 .text.printf   0x08004280       0x30 c:/program files (x86)/gnu tools arm embedded/7 2017-q4-major/bin/../lib/gcc/arm-none-eabi/7.2.1/../../../../arm-none-eabi/lib/thumb/v7e-m/fpv4-sp/hard\libc_nano.a(lib_a-printf.o)
                0x08004280                iprintf
                0x08004280                printf
 .text.setbuf   0x080042b0       0x10 c:/program files (x86)/gnu tools arm embedded/7 2017-q4-major/bin/../lib/gcc/arm-none-eabi/7.2.1/../../../../arm-none-eabi/lib/thumb/v7e-m/fpv4-sp/hard\libc_nano.a(lib_a-setbuf.o)
                0x080042b0                setbuf
 .text.setvbuf  0x080042c0      0x15c c:/program files (x86)/gnu tools arm embedded/7 2017-q4-major/bin/../lib/gcc/arm-none-eabi/7.2.1/../../../../arm-none-eabi/lib/thumb/v7e-m/fpv4-sp/hard\libc_nano.a(lib_a-setvbuf.o)
                0x080042c0                setvbuf
 .text.quorem   0x0800441c      0x118 c:/program files (x86)/gnu tools arm embedded/7 2017-q4-major/bin/../lib/gcc/arm-none-eabi/7.2.1/../../../../arm-none-eabi/lib/thumb/v7e-m/fpv4-sp/hard\libc_nano.a(lib_a-dtoa.o)
 *fill*         0x08004534        0x4 
 .text._dtoa_r  0x08004538      0xb70 c:/program files (x86)/gnu tools arm embedded/7 2017-q4-major/bin/../lib/gcc/arm-none-eabi/7.2.1/../../../../arm-none-eabi/lib/thumb/v7e-m/fpv4-sp/hard\libc_nano.a(lib_a-dtoa.o)
                0x08004538                _dtoa_r
 .text.__sflush_r
                0x080050a8      0x10c c:/program files (x86)/gnu tools arm embedded/7 2017-q4-major/bin/../lib/gcc/arm-none-eabi/7.2.1/../../../../arm-none-eabi/lib/thumb/v7e-m/fpv4-sp/hard\libc_nano.a(lib_a-fflush.o)
                0x080050a8                __sflush_r
 .text._fflush_r
                0x080051b4       0x54 c:/program files (x86)/gnu tools arm embedded/7 2017-q4-major/bin/../lib/gcc/arm-none-eabi/7.2.1/../../../../arm-none-eabi/lib/thumb/v7e-m/fpv4-sp/hard\libc_nano.a(lib_a-fflush.o)
                0x080051b4                _fflush_r
 .text.std      0x08005208       0x48 c:/program files (x86)/gnu tools arm embedded/7 2017-q4-major/bin/../lib/gcc/arm-none-eabi/7.2.1/../../../../arm-none-eabi/lib/thumb/v7e-m/fpv4-sp/hard\libc_nano.a(lib_a-findfp.o)
 .text._cleanup_r
                0x08005250        0xc c:/program files (x86)/gnu tools arm embedded/7 2017-q4-major/bin/../lib/gcc/arm-none-eabi/7.2.1/../../../../arm-none-eabi/lib/thumb/v7e-m/fpv4-sp/hard\libc_nano.a(lib_a-findfp.o)
                0x08005250                _cleanup_r
 .text.__sfmoreglue
                0x0800525c       0x2c c:/program files (x86)/gnu tools arm embedded/7 2017-q4-major/bin/../lib/gcc/arm-none-eabi/7.2.1/../../../../arm-none-eabi/lib/thumb/v7e-m/fpv4-sp/hard\libc_nano.a(lib_a-findfp.o)
                0x0800525c                __sfmoreglue
 .text.__sinit  0x08005288       0x60 c:/program files (x86)/gnu tools arm embedded/7 2017-q4-major/bin/../lib/gcc/arm-none-eabi/7.2.1/../../../../arm-none-eabi/lib/thumb/v7e-m/fpv4-sp/hard\libc_nano.a(lib_a-findfp.o)
                0x08005288                __sinit
 .text.__sfp    0x080052e8       0x78 c:/program files (x86)/gnu tools arm embedded/7 2017-q4-major/bin/../lib/gcc/arm-none-eabi/7.2.1/../../../../arm-none-eabi/lib/thumb/v7e-m/fpv4-sp/hard\libc_nano.a(lib_a-findfp.o)
                0x080052e8                __sfp
 .text._fwalk_reent
                0x08005360       0x3c c:/program files (x86)/gnu tools arm embedded/7 2017-q4-major/bin/../lib/gcc/arm-none-eabi/7.2.1/../../../../arm-none-eabi/lib/thumb/v7e-m/fpv4-sp/hard\libc_nano.a(lib_a-fwalk.o)
                0x08005360                _fwalk_reent
 .text._localeconv_r
                0x0800539c       0x1c c:/program files (x86)/gnu tools arm embedded/7 2017-q4-major/bin/../lib/gcc/arm-none-eabi/7.2.1/../../../../arm-none-eabi/lib/thumb/v7e-m/fpv4-sp/hard\libc_nano.a(lib_a-localeconv.o)
                0x0800539c                _localeconv_r
 .text.__swhatbuf_r
                0x080053b8       0x48 c:/program files (x86)/gnu tools arm embedded/7 2017-q4-major/bin/../lib/gcc/arm-none-eabi/7.2.1/../../../../arm-none-eabi/lib/thumb/v7e-m/fpv4-sp/hard\libc_nano.a(lib_a-makebuf.o)
                0x080053b8                __swhatbuf_r
 .text.__smakebuf_r
                0x08005400       0x80 c:/program files (x86)/gnu tools arm embedded/7 2017-q4-major/bin/../lib/gcc/arm-none-eabi/7.2.1/../../../../arm-none-eabi/lib/thumb/v7e-m/fpv4-sp/hard\libc_nano.a(lib_a-makebuf.o)
                0x08005400                __smakebuf_r
 .text.malloc   0x08005480       0x10 c:/program files (x86)/gnu tools arm embedded/7 2017-q4-major/bin/../lib/gcc/arm-none-eabi/7.2.1/../../../../arm-none-eabi/lib/thumb/v7e-m/fpv4-sp/hard\libc_nano.a(lib_a-malloc.o)
                0x08005480                malloc
 .text.memcpy   0x08005490       0x16 c:/program files (x86)/gnu tools arm embedded/7 2017-q4-major/bin/../lib/gcc/arm-none-eabi/7.2.1/../../../../arm-none-eabi/lib/thumb/v7e-m/fpv4-sp/hard\libc_nano.a(lib_a-memcpy-stub.o)
                0x08005490                memcpy
 .text._Balloc  0x080054a6       0x68 c:/program files (x86)/gnu tools arm embedded/7 2017-q4-major/bin/../lib/gcc/arm-none-eabi/7.2.1/../../../../arm-none-eabi/lib/thumb/v7e-m/fpv4-sp/hard\libc_nano.a(lib_a-mprec.o)
                0x080054a6                _Balloc
 .text._Bfree   0x0800550e       0x2e c:/program files (x86)/gnu tools arm embedded/7 2017-q4-major/bin/../lib/gcc/arm-none-eabi/7.2.1/../../../../arm-none-eabi/lib/thumb/v7e-m/fpv4-sp/hard\libc_nano.a(lib_a-mprec.o)
                0x0800550e                _Bfree
 .text.__multadd
                0x0800553c       0x76 c:/program files (x86)/gnu tools arm embedded/7 2017-q4-major/bin/../lib/gcc/arm-none-eabi/7.2.1/../../../../arm-none-eabi/lib/thumb/v7e-m/fpv4-sp/hard\libc_nano.a(lib_a-mprec.o)
                0x0800553c                __multadd
 .text.__hi0bits
                0x080055b2       0x3e c:/program files (x86)/gnu tools arm embedded/7 2017-q4-major/bin/../lib/gcc/arm-none-eabi/7.2.1/../../../../arm-none-eabi/lib/thumb/v7e-m/fpv4-sp/hard\libc_nano.a(lib_a-mprec.o)
                0x080055b2                __hi0bits
 .text.__lo0bits
                0x080055f0       0x5e c:/program files (x86)/gnu tools arm embedded/7 2017-q4-major/bin/../lib/gcc/arm-none-eabi/7.2.1/../../../../arm-none-eabi/lib/thumb/v7e-m/fpv4-sp/hard\libc_nano.a(lib_a-mprec.o)
                0x080055f0                __lo0bits
 .text.__i2b    0x0800564e       0x12 c:/program files (x86)/gnu tools arm embedded/7 2017-q4-major/bin/../lib/gcc/arm-none-eabi/7.2.1/../../../../arm-none-eabi/lib/thumb/v7e-m/fpv4-sp/hard\libc_nano.a(lib_a-mprec.o)
                0x0800564e                __i2b
 .text.__multiply
                0x08005660      0x12c c:/program files (x86)/gnu tools arm embedded/7 2017-q4-major/bin/../lib/gcc/arm-none-eabi/7.2.1/../../../../arm-none-eabi/lib/thumb/v7e-m/fpv4-sp/hard\libc_nano.a(lib_a-mprec.o)
                0x08005660                __multiply
 .text.__pow5mult
                0x0800578c       0x9c c:/program files (x86)/gnu tools arm embedded/7 2017-q4-major/bin/../lib/gcc/arm-none-eabi/7.2.1/../../../../arm-none-eabi/lib/thumb/v7e-m/fpv4-sp/hard\libc_nano.a(lib_a-mprec.o)
                0x0800578c                __pow5mult
 .text.__lshift
                0x08005828       0xa8 c:/program files (x86)/gnu tools arm embedded/7 2017-q4-major/bin/../lib/gcc/arm-none-eabi/7.2.1/../../../../arm-none-eabi/lib/thumb/v7e-m/fpv4-sp/hard\libc_nano.a(lib_a-mprec.o)
                0x08005828                __lshift
 .text.__mcmp   0x080058d0       0x34 c:/program files (x86)/gnu tools arm embedded/7 2017-q4-major/bin/../lib/gcc/arm-none-eabi/7.2.1/../../../../arm-none-eabi/lib/thumb/v7e-m/fpv4-sp/hard\libc_nano.a(lib_a-mprec.o)
                0x080058d0                __mcmp
 .text.__mdiff  0x08005904       0xba c:/program files (x86)/gnu tools arm embedded/7 2017-q4-major/bin/../lib/gcc/arm-none-eabi/7.2.1/../../../../arm-none-eabi/lib/thumb/v7e-m/fpv4-sp/hard\libc_nano.a(lib_a-mprec.o)
                0x08005904                __mdiff
 .text.__d2b    0x080059be       0x9e c:/program files (x86)/gnu tools arm embedded/7 2017-q4-major/bin/../lib/gcc/arm-none-eabi/7.2.1/../../../../arm-none-eabi/lib/thumb/v7e-m/fpv4-sp/hard\libc_nano.a(lib_a-mprec.o)
                0x080059be                __d2b
 .text._calloc_r
                0x08005a5c       0x1c c:/program files (x86)/gnu tools arm embedded/7 2017-q4-major/bin/../lib/gcc/arm-none-eabi/7.2.1/../../../../arm-none-eabi/lib/thumb/v7e-m/fpv4-sp/hard\libc_nano.a(lib_a-nano-callocr.o)
                0x08005a5c                _calloc_r
 .text._free_r  0x08005a78       0x9c c:/program files (x86)/gnu tools arm embedded/7 2017-q4-major/bin/../lib/gcc/arm-none-eabi/7.2.1/../../../../arm-none-eabi/lib/thumb/v7e-m/fpv4-sp/hard\libc_nano.a(lib_a-nano-freer.o)
                0x08005a78                _free_r
 .text._malloc_r
                0x08005b14       0xb4 c:/program files (x86)/gnu tools arm embedded/7 2017-q4-major/bin/../lib/gcc/arm-none-eabi/7.2.1/../../../../arm-none-eabi/lib/thumb/v7e-m/fpv4-sp/hard\libc_nano.a(lib_a-nano-mallocr.o)
                0x08005b14                _malloc_r
 .text.__sfputc_r
                0x08005bc8       0x2e c:/program files (x86)/gnu tools arm embedded/7 2017-q4-major/bin/../lib/gcc/arm-none-eabi/7.2.1/../../../../arm-none-eabi/lib/thumb/v7e-m/fpv4-sp/hard\libc_nano.a(lib_a-nano-vfprintf.o)
 .text.__sfputs_r
                0x08005bf6       0x24 c:/program files (x86)/gnu tools arm embedded/7 2017-q4-major/bin/../lib/gcc/arm-none-eabi/7.2.1/../../../../arm-none-eabi/lib/thumb/v7e-m/fpv4-sp/hard\libc_nano.a(lib_a-nano-vfprintf.o)
                0x08005bf6                __sfputs_r
 *fill*         0x08005c1a        0x2 
 .text._vfprintf_r
                0x08005c1c      0x228 c:/program files (x86)/gnu tools arm embedded/7 2017-q4-major/bin/../lib/gcc/arm-none-eabi/7.2.1/../../../../arm-none-eabi/lib/thumb/v7e-m/fpv4-sp/hard\libc_nano.a(lib_a-nano-vfprintf.o)
                0x08005c1c                _vfprintf_r
                0x08005c1c                _vfiprintf_r
 .text._sbrk_r  0x08005e44       0x20 c:/program files (x86)/gnu tools arm embedded/7 2017-q4-major/bin/../lib/gcc/arm-none-eabi/7.2.1/../../../../arm-none-eabi/lib/thumb/v7e-m/fpv4-sp/hard\libc_nano.a(lib_a-sbrkr.o)
                0x08005e44                _sbrk_r
 .text.__sread  0x08005e64       0x22 c:/program files (x86)/gnu tools arm embedded/7 2017-q4-major/bin/../lib/gcc/arm-none-eabi/7.2.1/../../../../arm-none-eabi/lib/thumb/v7e-m/fpv4-sp/hard\libc_nano.a(lib_a-stdio.o)
                0x08005e64                __sread
 .text.__swrite
                0x08005e86       0x38 c:/program files (x86)/gnu tools arm embedded/7 2017-q4-major/bin/../lib/gcc/arm-none-eabi/7.2.1/../../../../arm-none-eabi/lib/thumb/v7e-m/fpv4-sp/hard\libc_nano.a(lib_a-stdio.o)
                0x08005e86                __swrite
 .text.__sseek  0x08005ebe       0x24 c:/program files (x86)/gnu tools arm embedded/7 2017-q4-major/bin/../lib/gcc/arm-none-eabi/7.2.1/../../../../arm-none-eabi/lib/thumb/v7e-m/fpv4-sp/hard\libc_nano.a(lib_a-stdio.o)
                0x08005ebe                __sseek
 .text.__sclose
                0x08005ee2        0x8 c:/program files (x86)/gnu tools arm embedded/7 2017-q4-major/bin/../lib/gcc/arm-none-eabi/7.2.1/../../../../arm-none-eabi/lib/thumb/v7e-m/fpv4-sp/hard\libc_nano.a(lib_a-stdio.o)
                0x08005ee2                __sclose
 *fill*         0x08005eea        0x2 
 .text.__swbuf_r
                0x08005eec       0xa4 c:/program files (x86)/gnu tools arm embedded/7 2017-q4-major/bin/../lib/gcc/arm-none-eabi/7.2.1/../../../../arm-none-eabi/lib/thumb/v7e-m/fpv4-sp/hard\libc_nano.a(lib_a-wbuf.o)
                0x08005eec                __swbuf_r
 .text._write_r
                0x08005f90       0x24 c:/program files (x86)/gnu tools arm embedded/7 2017-q4-major/bin/../lib/gcc/arm-none-eabi/7.2.1/../../../../arm-none-eabi/lib/thumb/v7e-m/fpv4-sp/hard\libc_nano.a(lib_a-writer.o)
                0x08005f90                _write_r
 .text.__swsetup_r
                0x08005fb4       0xdc c:/program files (x86)/gnu tools arm embedded/7 2017-q4-major/bin/../lib/gcc/arm-none-eabi/7.2.1/../../../../arm-none-eabi/lib/thumb/v7e-m/fpv4-sp/hard\libc_nano.a(lib_a-wsetup.o)
                0x08005fb4                __swsetup_r
 .text._close_r
                0x08006090       0x20 c:/program files (x86)/gnu tools arm embedded/7 2017-q4-major/bin/../lib/gcc/arm-none-eabi/7.2.1/../../../../arm-none-eabi/lib/thumb/v7e-m/fpv4-sp/hard\libc_nano.a(lib_a-closer.o)
                0x08006090                _close_r
 .text._fstat_r
                0x080060b0       0x24 c:/program files (x86)/gnu tools arm embedded/7 2017-q4-major/bin/../lib/gcc/arm-none-eabi/7.2.1/../../../../arm-none-eabi/lib/thumb/v7e-m/fpv4-sp/hard\libc_nano.a(lib_a-fstatr.o)
                0x080060b0                _fstat_r
 .text._isatty_r
                0x080060d4       0x20 c:/program files (x86)/gnu tools arm embedded/7 2017-q4-major/bin/../lib/gcc/arm-none-eabi/7.2.1/../../../../arm-none-eabi/lib/thumb/v7e-m/fpv4-sp/hard\libc_nano.a(lib_a-isattyr.o)
                0x080060d4                _isatty_r
 .text._lseek_r
                0x080060f4       0x24 c:/program files (x86)/gnu tools arm embedded/7 2017-q4-major/bin/../lib/gcc/arm-none-eabi/7.2.1/../../../../arm-none-eabi/lib/thumb/v7e-m/fpv4-sp/hard\libc_nano.a(lib_a-lseekr.o)
                0x080060f4                _lseek_r
 .text.__ascii_mbtowc
                0x08006118       0x24 c:/program files (x86)/gnu tools arm embedded/7 2017-q4-major/bin/../lib/gcc/arm-none-eabi/7.2.1/../../../../arm-none-eabi/lib/thumb/v7e-m/fpv4-sp/hard\libc_nano.a(lib_a-mbtowc_r.o)
                0x08006118                __ascii_mbtowc
 .text.__malloc_lock
                0x0800613c        0x2 c:/program files (x86)/gnu tools arm embedded/7 2017-q4-major/bin/../lib/gcc/arm-none-eabi/7.2.1/../../../../arm-none-eabi/lib/thumb/v7e-m/fpv4-sp/hard\libc_nano.a(lib_a-mlock.o)
                0x0800613c                __malloc_lock
 .text.__malloc_unlock
                0x0800613e        0x2 c:/program files (x86)/gnu tools arm embedded/7 2017-q4-major/bin/../lib/gcc/arm-none-eabi/7.2.1/../../../../arm-none-eabi/lib/thumb/v7e-m/fpv4-sp/hard\libc_nano.a(lib_a-mlock.o)
                0x0800613e                __malloc_unlock
 .text._read_r  0x08006140       0x24 c:/program files (x86)/gnu tools arm embedded/7 2017-q4-major/bin/../lib/gcc/arm-none-eabi/7.2.1/../../../../arm-none-eabi/lib/thumb/v7e-m/fpv4-sp/hard\libc_nano.a(lib_a-readr.o)
                0x08006140                _read_r
 .text.__ascii_wctomb
                0x08006164       0x1a c:/program files (x86)/gnu tools arm embedded/7 2017-q4-major/bin/../lib/gcc/arm-none-eabi/7.2.1/../../../../arm-none-eabi/lib/thumb/v7e-m/fpv4-sp/hard\libc_nano.a(lib_a-wctomb_r.o)
                0x08006164                __ascii_wctomb
 *(.glue_7)
 .glue_7        0x0800617e        0x0 linker stubs
 *(.glue_7t)
 .glue_7t       0x0800617e        0x0 linker stubs
 *(.eh_frame)
 *fill*         0x0800617e        0x2 
 .eh_frame      0x08006180        0x0 c:/program files (x86)/gnu tools arm embedded/7 2017-q4-major/bin/../lib/gcc/arm-none-eabi/7.2.1/thumb/v7e-m/fpv4-sp/hard/crtbegin.o
 *(.init)
 .init          0x08006180        0x4 c:/program files (x86)/gnu tools arm embedded/7 2017-q4-major/bin/../lib/gcc/arm-none-eabi/7.2.1/thumb/v7e-m/fpv4-sp/hard/crti.o
                0x08006180                _init
 .init          0x08006184        0x8 c:/program files (x86)/gnu tools arm embedded/7 2017-q4-major/bin/../lib/gcc/arm-none-eabi/7.2.1/thumb/v7e-m/fpv4-sp/hard/crtn.o
 *(.fini)
 .fini          0x0800618c        0x4 c:/program files (x86)/gnu tools arm embedded/7 2017-q4-major/bin/../lib/gcc/arm-none-eabi/7.2.1/thumb/v7e-m/fpv4-sp/hard/crti.o
                0x0800618c                _fini
 .fini          0x08006190        0x8 c:/program files (x86)/gnu tools arm embedded/7 2017-q4-major/bin/../lib/gcc/arm-none-eabi/7.2.1/thumb/v7e-m/fpv4-sp/hard/crtn.o
                0x08006198                . = ALIGN (0x4)
                0x08006198                _etext = .

.vfp11_veneer   0x08006198        0x0
 .vfp11_veneer  0x08006198        0x0 linker stubs

.v4_bx          0x08006198        0x0
 .v4_bx         0x08006198        0x0 linker stubs

.iplt           0x08006198        0x0
 .iplt          0x08006198        0x0 c:/program files (x86)/gnu tools arm embedded/7 2017-q4-major/bin/../lib/gcc/arm-none-eabi/7.2.1/thumb/v7e-m/fpv4-sp/hard/crtbegin.o

.rodata         0x08006198      0x368
                0x08006198                . = ALIGN (0x4)
 *(.rodata)
 *(.rodata*)
 .rodata.MX_TIM2_Init.str1.4
                0x08006198        0xa build/tim.o
 *fill*         0x080061a2        0x2 
 .rodata.SystemClock_Config.str1.4
                0x080061a4        0xb build/main.o
 *fill*         0x080061af        0x1 
 .rodata.main.str1.4
                0x080061b0        0xb build/main.o
 *fill*         0x080061bb        0x1 
 .rodata.MX_USART1_UART_Init.str1.4
                0x080061bc        0xc build/usart.o
 .rodata.MPU6500_init.str1.4
                0x080061c8       0x32 build/spi.o
 *fill*         0x080061fa        0x2 
 .rodata.MX_SPI1_Init.str1.4
                0x080061fc        0xa build/spi.o
 *fill*         0x08006206        0x2 
 .rodata.AHBPrescTable
                0x08006208       0x10 build/system_stm32f4xx.o
                0x08006208                AHBPrescTable
 .rodata.APBPrescTable
                0x08006218        0x8 build/system_stm32f4xx.o
                0x08006218                APBPrescTable
 .rodata.MX_ADC1_Init.str1.4
                0x08006220        0xa build/adc.o
 *fill*         0x0800622a        0x2 
 .rodata.battChecker.str1.4
                0x0800622c       0x14 build/adc.o
                                 0x12 (size before relaxing)
 .rodata._global_impure_ptr
                0x08006240        0x4 c:/program files (x86)/gnu tools arm embedded/7 2017-q4-major/bin/../lib/gcc/arm-none-eabi/7.2.1/../../../../arm-none-eabi/lib/thumb/v7e-m/fpv4-sp/hard\libc_nano.a(lib_a-impure.o)
                0x08006240                _global_impure_ptr
 .rodata._printf_float.str1.1
                0x08006244       0x12 c:/program files (x86)/gnu tools arm embedded/7 2017-q4-major/bin/../lib/gcc/arm-none-eabi/7.2.1/../../../../arm-none-eabi/lib/thumb/v7e-m/fpv4-sp/hard\libc_nano.a(lib_a-nano-vfprintf_float.o)
 .rodata._printf_i.str1.1
                0x08006256       0x22 c:/program files (x86)/gnu tools arm embedded/7 2017-q4-major/bin/../lib/gcc/arm-none-eabi/7.2.1/../../../../arm-none-eabi/lib/thumb/v7e-m/fpv4-sp/hard\libc_nano.a(lib_a-nano-vfprintf_i.o)
 .rodata._dtoa_r.str1.1
                0x08006278        0xd c:/program files (x86)/gnu tools arm embedded/7 2017-q4-major/bin/../lib/gcc/arm-none-eabi/7.2.1/../../../../arm-none-eabi/lib/thumb/v7e-m/fpv4-sp/hard\libc_nano.a(lib_a-dtoa.o)
                                  0xf (size before relaxing)
 *fill*         0x08006285        0x3 
 .rodata.__sf_fake_stderr
                0x08006288       0x20 c:/program files (x86)/gnu tools arm embedded/7 2017-q4-major/bin/../lib/gcc/arm-none-eabi/7.2.1/../../../../arm-none-eabi/lib/thumb/v7e-m/fpv4-sp/hard\libc_nano.a(lib_a-findfp.o)
                0x08006288                __sf_fake_stderr
 .rodata.__sf_fake_stdin
                0x080062a8       0x20 c:/program files (x86)/gnu tools arm embedded/7 2017-q4-major/bin/../lib/gcc/arm-none-eabi/7.2.1/../../../../arm-none-eabi/lib/thumb/v7e-m/fpv4-sp/hard\libc_nano.a(lib_a-findfp.o)
                0x080062a8                __sf_fake_stdin
 .rodata.__sf_fake_stdout
                0x080062c8       0x20 c:/program files (x86)/gnu tools arm embedded/7 2017-q4-major/bin/../lib/gcc/arm-none-eabi/7.2.1/../../../../arm-none-eabi/lib/thumb/v7e-m/fpv4-sp/hard\libc_nano.a(lib_a-findfp.o)
                0x080062c8                __sf_fake_stdout
 .rodata.__mprec_bigtens
                0x080062e8       0x28 c:/program files (x86)/gnu tools arm embedded/7 2017-q4-major/bin/../lib/gcc/arm-none-eabi/7.2.1/../../../../arm-none-eabi/lib/thumb/v7e-m/fpv4-sp/hard\libc_nano.a(lib_a-mprec.o)
                0x080062e8                __mprec_bigtens
 .rodata.__mprec_tens
                0x08006310       0xc8 c:/program files (x86)/gnu tools arm embedded/7 2017-q4-major/bin/../lib/gcc/arm-none-eabi/7.2.1/../../../../arm-none-eabi/lib/thumb/v7e-m/fpv4-sp/hard\libc_nano.a(lib_a-mprec.o)
                0x08006310                __mprec_tens
 .rodata.p05.7359
                0x080063d8        0xc c:/program files (x86)/gnu tools arm embedded/7 2017-q4-major/bin/../lib/gcc/arm-none-eabi/7.2.1/../../../../arm-none-eabi/lib/thumb/v7e-m/fpv4-sp/hard\libc_nano.a(lib_a-mprec.o)
 .rodata._vfprintf_r.str1.1
                0x080063e4       0x11 c:/program files (x86)/gnu tools arm embedded/7 2017-q4-major/bin/../lib/gcc/arm-none-eabi/7.2.1/../../../../arm-none-eabi/lib/thumb/v7e-m/fpv4-sp/hard\libc_nano.a(lib_a-nano-vfprintf.o)
 .rodata._setlocale_r.str1.1
                0x080063f5        0x8 c:/program files (x86)/gnu tools arm embedded/7 2017-q4-major/bin/../lib/gcc/arm-none-eabi/7.2.1/../../../../arm-none-eabi/lib/thumb/v7e-m/fpv4-sp/hard\libc_nano.a(lib_a-locale.o)
                                  0x9 (size before relaxing)
 .rodata.str1.1
                0x080063fd        0x2 c:/program files (x86)/gnu tools arm embedded/7 2017-q4-major/bin/../lib/gcc/arm-none-eabi/7.2.1/../../../../arm-none-eabi/lib/thumb/v7e-m/fpv4-sp/hard\libc_nano.a(lib_a-locale.o)
 .rodata._ctype_
                0x080063ff      0x101 c:/program files (x86)/gnu tools arm embedded/7 2017-q4-major/bin/../lib/gcc/arm-none-eabi/7.2.1/../../../../arm-none-eabi/lib/thumb/v7e-m/fpv4-sp/hard\libc_nano.a(lib_a-ctype_.o)
                0x080063ff                _ctype_
                0x08006500                . = ALIGN (0x4)

.ARM.extab
 *(.ARM.extab* .gnu.linkonce.armextab.*)

.ARM            0x08006500        0x8
                0x08006500                __exidx_start = .
 *(.ARM.exidx*)
 .ARM.exidx     0x08006500        0x8 c:/program files (x86)/gnu tools arm embedded/7 2017-q4-major/bin/../lib/gcc/arm-none-eabi/7.2.1/thumb/v7e-m/fpv4-sp/hard\libgcc.a(_udivmoddi4.o)
                0x08006508                __exidx_end = .

.rel.dyn        0x08006508        0x0
 .rel.iplt      0x08006508        0x0 c:/program files (x86)/gnu tools arm embedded/7 2017-q4-major/bin/../lib/gcc/arm-none-eabi/7.2.1/thumb/v7e-m/fpv4-sp/hard/crtbegin.o

.preinit_array  0x08006508        0x0
                0x08006508                PROVIDE (__preinit_array_start, .)
 *(.preinit_array*)
                0x08006508                PROVIDE (__preinit_array_end, .)

.init_array     0x08006508        0x4
                0x08006508                PROVIDE (__init_array_start, .)
 *(SORT_BY_NAME(.init_array.*))
 *(.init_array*)
 .init_array    0x08006508        0x4 c:/program files (x86)/gnu tools arm embedded/7 2017-q4-major/bin/../lib/gcc/arm-none-eabi/7.2.1/thumb/v7e-m/fpv4-sp/hard/crtbegin.o
                0x0800650c                PROVIDE (__init_array_end, .)

.fini_array     0x0800650c        0x4
                [!provide]                PROVIDE (__fini_array_start, .)
 *(SORT_BY_NAME(.fini_array.*))
 *(.fini_array*)
 .fini_array    0x0800650c        0x4 c:/program files (x86)/gnu tools arm embedded/7 2017-q4-major/bin/../lib/gcc/arm-none-eabi/7.2.1/thumb/v7e-m/fpv4-sp/hard/crtbegin.o
                [!provide]                PROVIDE (__fini_array_end, .)
                0x08006510                _sidata = LOADADDR (.data)

.data           0x20000000      0x1e0 load address 0x08006510
                0x20000000                . = ALIGN (0x4)
                0x20000000                _sdata = .
 *(.data)
 *(.data*)
 .data.uwTickFreq
                0x20000000        0x1 build/stm32f4xx_hal.o
                0x20000000                uwTickFreq
 *fill*         0x20000001        0x3 
 .data.uwTickPrio
                0x20000004        0x4 build/stm32f4xx_hal.o
                0x20000004                uwTickPrio
 .data.gyro_calc_flag
                0x20000008        0x1 build/spi.o
 *fill*         0x20000009        0x3 
 .data.SystemCoreClock
                0x2000000c        0x4 build/system_stm32f4xx.o
                0x2000000c                SystemCoreClock
 .data._impure_ptr
                0x20000010        0x4 c:/program files (x86)/gnu tools arm embedded/7 2017-q4-major/bin/../lib/gcc/arm-none-eabi/7.2.1/../../../../arm-none-eabi/lib/thumb/v7e-m/fpv4-sp/hard\libc_nano.a(lib_a-impure.o)
                0x20000010                _impure_ptr
 .data.impure_data
                0x20000014       0x60 c:/program files (x86)/gnu tools arm embedded/7 2017-q4-major/bin/../lib/gcc/arm-none-eabi/7.2.1/../../../../arm-none-eabi/lib/thumb/v7e-m/fpv4-sp/hard\libc_nano.a(lib_a-impure.o)
 .data.__global_locale
                0x20000074      0x16c c:/program files (x86)/gnu tools arm embedded/7 2017-q4-major/bin/../lib/gcc/arm-none-eabi/7.2.1/../../../../arm-none-eabi/lib/thumb/v7e-m/fpv4-sp/hard\libc_nano.a(lib_a-locale.o)
                0x20000074                __global_locale
                0x200001e0                . = ALIGN (0x4)
                0x200001e0                _edata = .

.igot.plt       0x200001e0        0x0 load address 0x080066f0
 .igot.plt      0x200001e0        0x0 c:/program files (x86)/gnu tools arm embedded/7 2017-q4-major/bin/../lib/gcc/arm-none-eabi/7.2.1/thumb/v7e-m/fpv4-sp/hard/crtbegin.o
                0x200001e0                . = ALIGN (0x4)

.bss            0x200001e0     0x18e0 load address 0x080066f0
                0x200001e0                _sbss = .
                0x200001e0                __bss_start__ = _sbss
 *(.bss)
 .bss           0x200001e0       0x1c c:/program files (x86)/gnu tools arm embedded/7 2017-q4-major/bin/../lib/gcc/arm-none-eabi/7.2.1/thumb/v7e-m/fpv4-sp/hard/crtbegin.o
 *(.bss*)
 .bss.gyro_offset_cnt
                0x200001fc        0x2 build/spi.o
 *fill*         0x200001fe        0x2 
 .bss.gyro_z_offset
                0x20000200        0x4 build/spi.o
 .bss.heap_end.7234
                0x20000204        0x4 build/syscalls.o
 .bss.__malloc_free_list
                0x20000208        0x4 c:/program files (x86)/gnu tools arm embedded/7 2017-q4-major/bin/../lib/gcc/arm-none-eabi/7.2.1/../../../../arm-none-eabi/lib/thumb/v7e-m/fpv4-sp/hard\libc_nano.a(lib_a-nano-mallocr.o)
                0x20000208                __malloc_free_list
 .bss.__malloc_sbrk_start
                0x2000020c        0x4 c:/program files (x86)/gnu tools arm embedded/7 2017-q4-major/bin/../lib/gcc/arm-none-eabi/7.2.1/../../../../arm-none-eabi/lib/thumb/v7e-m/fpv4-sp/hard\libc_nano.a(lib_a-nano-mallocr.o)
                0x2000020c                __malloc_sbrk_start
 *(COMMON)
 COMMON         0x20000210       0x9c build/tim.o
                0x20000210                htim4
                0x2000024c                sMasterConfig
                0x20000254                sConfigOC
                0x20000270                htim2
 COMMON         0x200002ac        0x4 build/stm32f4xx_hal.o
                0x200002ac                uwTick
 COMMON         0x200002b0       0x40 build/usart.o
                0x200002b0                huart1
 COMMON         0x200002f0       0xb0 build/spi.o
                0x200002f0                hspi2
                0x20000348                hspi1
 COMMON         0x200003a0       0x48 build/adc.o
                0x200003a0                hadc1
 COMMON         0x200003e8     0x16d4 build/variable.o
                0x200003e8                batt_monitor
                0x200003ec                motion_end_flag
                0x200003f0                enc_value
                0x200003fc                mypos
                0x20000400                rotation_ideal
                0x20000410                wall_data
                0x20000624                mode_counter
                0x20000628                rotation_param
                0x20000630                sidewall_control_flag
                0x20000634                right_real
                0x20000644                sen_fl_log
                0x20000650                wall_out_flag
                0x20000651                frontwall_control_flag
                0x20000652                dirwall_control_flag
                0x20000654                translation_trape_param
                0x20000688                enc_r
                0x2000068a                failSafe_flag
                0x2000068c                cnt_act
                0x20000690                run_left_deviation
                0x20000698                mode_distance
                0x2000069c                run_param
                0x200006a4                wait_flag
                0x200006a8                cnt_motion
                0x200006ac                slarom300
                0x200006c4                motion_last
                0x200006c8                left_real
                0x200006d8                rotation_deviation
                0x200006e0                accel_data
                0x200006e4                motion_queue
                0x200007e4                rotation_real
                0x200007f4                translation_gain
                0x20000800                sensor_gain
                0x2000080c                translation_ideal
                0x2000081c                sen_fr_log
                0x20000828                motion_end
                0x2000082c                sen_l_log
                0x20000838                duty
                0x20000840                translation_real
                0x20000850                maze_step
                0x20001850                wall_bit
                0x20001a64                run_right_deviation
                0x20001a6c                enc_l
                0x20001a70                rotation_gain
                0x20001a7c                sen_r_log
                0x20001a88                rotation_trape_param
 COMMON         0x20001abc        0x4 c:/program files (x86)/gnu tools arm embedded/7 2017-q4-major/bin/../lib/gcc/arm-none-eabi/7.2.1/../../../../arm-none-eabi/lib/thumb/v7e-m/fpv4-sp/hard\libc_nano.a(lib_a-reent.o)
                0x20001abc                errno
                0x20001ac0                . = ALIGN (0x4)
                0x20001ac0                _ebss = .
                0x20001ac0                __bss_end__ = _ebss

._user_heap_stack
                0x20001ac0      0x600 load address 0x080066f0
                0x20001ac0                . = ALIGN (0x8)
                0x20001ac0                PROVIDE (end, .)
                [!provide]                PROVIDE (_end, .)
                0x20001cc0                . = (. + _Min_Heap_Size)
 *fill*         0x20001ac0      0x200 
                0x200020c0                . = (. + _Min_Stack_Size)
 *fill*         0x20001cc0      0x400 
                0x200020c0                . = ALIGN (0x8)

/DISCARD/
 libc.a(*)
 libm.a(*)
 libgcc.a(*)

.ARM.attributes
                0x00000000       0x30
 *(.ARM.attributes)
 .ARM.attributes
                0x00000000       0x22 c:/program files (x86)/gnu tools arm embedded/7 2017-q4-major/bin/../lib/gcc/arm-none-eabi/7.2.1/thumb/v7e-m/fpv4-sp/hard/crti.o
 .ARM.attributes
                0x00000022       0x34 c:/program files (x86)/gnu tools arm embedded/7 2017-q4-major/bin/../lib/gcc/arm-none-eabi/7.2.1/thumb/v7e-m/fpv4-sp/hard/crtbegin.o
 .ARM.attributes
                0x00000056       0x39 build/stm32f4xx_hal_tim.o
 .ARM.attributes
                0x0000008f       0x39 build/stm32f4xx_hal_cortex.o
 .ARM.attributes
                0x000000c8       0x39 build/tim.o
 .ARM.attributes
                0x00000101       0x39 build/stm32f4xx_hal.o
 .ARM.attributes
                0x0000013a       0x39 build/main.o
 .ARM.attributes
                0x00000173       0x39 build/stm32f4xx_hal_msp.o
 .ARM.attributes
                0x000001ac       0x39 build/stm32f4xx_hal_uart.o
 .ARM.attributes
                0x000001e5       0x39 build/usart.o
 .ARM.attributes
                0x0000021e       0x39 build/spi.o
 .ARM.attributes
                0x00000257       0x39 build/stm32f4xx_hal_tim_ex.o
 .ARM.attributes
                0x00000290       0x39 build/system_stm32f4xx.o
 .ARM.attributes
                0x000002c9       0x39 build/stm32f4xx_hal_gpio.o
 .ARM.attributes
                0x00000302       0x39 build/stm32f4xx_it.o
 .ARM.attributes
                0x0000033b       0x39 build/stm32f4xx_hal_adc.o
 .ARM.attributes
                0x00000374       0x39 build/adc.o
 .ARM.attributes
                0x000003ad       0x39 build/gpio.o
 .ARM.attributes
                0x000003e6       0x39 build/stm32f4xx_hal_rcc.o
 .ARM.attributes
                0x0000041f       0x39 build/stm32f4xx_hal_spi.o
 .ARM.attributes
                0x00000458       0x39 build/variable.o
 .ARM.attributes
                0x00000491       0x39 build/syscalls.o
 .ARM.attributes
                0x000004ca       0x39 build/function.o
 .ARM.attributes
                0x00000503       0x21 build/startup_stm32f411xe.o
 .ARM.attributes
                0x00000524       0x34 c:/program files (x86)/gnu tools arm embedded/7 2017-q4-major/bin/../lib/gcc/arm-none-eabi/7.2.1/../../../../arm-none-eabi/lib/thumb/v7e-m/fpv4-sp/hard\libc_nano.a(lib_a-errno.o)
 .ARM.attributes
                0x00000558       0x34 c:/program files (x86)/gnu tools arm embedded/7 2017-q4-major/bin/../lib/gcc/arm-none-eabi/7.2.1/../../../../arm-none-eabi/lib/thumb/v7e-m/fpv4-sp/hard\libc_nano.a(lib_a-impure.o)
 .ARM.attributes
                0x0000058c       0x34 c:/program files (x86)/gnu tools arm embedded/7 2017-q4-major/bin/../lib/gcc/arm-none-eabi/7.2.1/../../../../arm-none-eabi/lib/thumb/v7e-m/fpv4-sp/hard\libc_nano.a(lib_a-init.o)
 .ARM.attributes
                0x000005c0       0x34 c:/program files (x86)/gnu tools arm embedded/7 2017-q4-major/bin/../lib/gcc/arm-none-eabi/7.2.1/../../../../arm-none-eabi/lib/thumb/v7e-m/fpv4-sp/hard\libc_nano.a(lib_a-memset.o)
 .ARM.attributes
                0x000005f4       0x34 c:/program files (x86)/gnu tools arm embedded/7 2017-q4-major/bin/../lib/gcc/arm-none-eabi/7.2.1/../../../../arm-none-eabi/lib/thumb/v7e-m/fpv4-sp/hard\libc_nano.a(lib_a-nano-vfprintf_float.o)
 .ARM.attributes
                0x00000628       0x34 c:/program files (x86)/gnu tools arm embedded/7 2017-q4-major/bin/../lib/gcc/arm-none-eabi/7.2.1/../../../../arm-none-eabi/lib/thumb/v7e-m/fpv4-sp/hard\libc_nano.a(lib_a-nano-vfprintf_i.o)
 .ARM.attributes
                0x0000065c       0x34 c:/program files (x86)/gnu tools arm embedded/7 2017-q4-major/bin/../lib/gcc/arm-none-eabi/7.2.1/../../../../arm-none-eabi/lib/thumb/v7e-m/fpv4-sp/hard\libc_nano.a(lib_a-printf.o)
 .ARM.attributes
                0x00000690       0x34 c:/program files (x86)/gnu tools arm embedded/7 2017-q4-major/bin/../lib/gcc/arm-none-eabi/7.2.1/../../../../arm-none-eabi/lib/thumb/v7e-m/fpv4-sp/hard\libc_nano.a(lib_a-setbuf.o)
 .ARM.attributes
                0x000006c4       0x34 c:/program files (x86)/gnu tools arm embedded/7 2017-q4-major/bin/../lib/gcc/arm-none-eabi/7.2.1/../../../../arm-none-eabi/lib/thumb/v7e-m/fpv4-sp/hard\libc_nano.a(lib_a-setvbuf.o)
 .ARM.attributes
                0x000006f8       0x1b c:/program files (x86)/gnu tools arm embedded/7 2017-q4-major/bin/../lib/gcc/arm-none-eabi/7.2.1/../../../../arm-none-eabi/lib/thumb/v7e-m/fpv4-sp/hard\libc_nano.a(lib_a-strlen.o)
 .ARM.attributes
                0x00000713       0x34 c:/program files (x86)/gnu tools arm embedded/7 2017-q4-major/bin/../lib/gcc/arm-none-eabi/7.2.1/../../../../arm-none-eabi/lib/thumb/v7e-m/fpv4-sp/hard\libc_nano.a(lib_a-dtoa.o)
 .ARM.attributes
                0x00000747       0x34 c:/program files (x86)/gnu tools arm embedded/7 2017-q4-major/bin/../lib/gcc/arm-none-eabi/7.2.1/../../../../arm-none-eabi/lib/thumb/v7e-m/fpv4-sp/hard\libc_nano.a(lib_a-fflush.o)
 .ARM.attributes
                0x0000077b       0x34 c:/program files (x86)/gnu tools arm embedded/7 2017-q4-major/bin/../lib/gcc/arm-none-eabi/7.2.1/../../../../arm-none-eabi/lib/thumb/v7e-m/fpv4-sp/hard\libc_nano.a(lib_a-findfp.o)
 .ARM.attributes
                0x000007af       0x34 c:/program files (x86)/gnu tools arm embedded/7 2017-q4-major/bin/../lib/gcc/arm-none-eabi/7.2.1/../../../../arm-none-eabi/lib/thumb/v7e-m/fpv4-sp/hard\libc_nano.a(lib_a-fwalk.o)
 .ARM.attributes
                0x000007e3       0x34 c:/program files (x86)/gnu tools arm embedded/7 2017-q4-major/bin/../lib/gcc/arm-none-eabi/7.2.1/../../../../arm-none-eabi/lib/thumb/v7e-m/fpv4-sp/hard\libc_nano.a(lib_a-localeconv.o)
 .ARM.attributes
                0x00000817       0x34 c:/program files (x86)/gnu tools arm embedded/7 2017-q4-major/bin/../lib/gcc/arm-none-eabi/7.2.1/../../../../arm-none-eabi/lib/thumb/v7e-m/fpv4-sp/hard\libc_nano.a(lib_a-makebuf.o)
 .ARM.attributes
                0x0000084b       0x34 c:/program files (x86)/gnu tools arm embedded/7 2017-q4-major/bin/../lib/gcc/arm-none-eabi/7.2.1/../../../../arm-none-eabi/lib/thumb/v7e-m/fpv4-sp/hard\libc_nano.a(lib_a-malloc.o)
 .ARM.attributes
                0x0000087f       0x20 c:/program files (x86)/gnu tools arm embedded/7 2017-q4-major/bin/../lib/gcc/arm-none-eabi/7.2.1/../../../../arm-none-eabi/lib/thumb/v7e-m/fpv4-sp/hard\libc_nano.a(lib_a-memchr.o)
 .ARM.attributes
                0x0000089f       0x34 c:/program files (x86)/gnu tools arm embedded/7 2017-q4-major/bin/../lib/gcc/arm-none-eabi/7.2.1/../../../../arm-none-eabi/lib/thumb/v7e-m/fpv4-sp/hard\libc_nano.a(lib_a-memcpy-stub.o)
 .ARM.attributes
                0x000008d3       0x34 c:/program files (x86)/gnu tools arm embedded/7 2017-q4-major/bin/../lib/gcc/arm-none-eabi/7.2.1/../../../../arm-none-eabi/lib/thumb/v7e-m/fpv4-sp/hard\libc_nano.a(lib_a-mprec.o)
 .ARM.attributes
                0x00000907       0x34 c:/program files (x86)/gnu tools arm embedded/7 2017-q4-major/bin/../lib/gcc/arm-none-eabi/7.2.1/../../../../arm-none-eabi/lib/thumb/v7e-m/fpv4-sp/hard\libc_nano.a(lib_a-nano-callocr.o)
 .ARM.attributes
                0x0000093b       0x34 c:/program files (x86)/gnu tools arm embedded/7 2017-q4-major/bin/../lib/gcc/arm-none-eabi/7.2.1/../../../../arm-none-eabi/lib/thumb/v7e-m/fpv4-sp/hard\libc_nano.a(lib_a-nano-freer.o)
 .ARM.attributes
                0x0000096f       0x34 c:/program files (x86)/gnu tools arm embedded/7 2017-q4-major/bin/../lib/gcc/arm-none-eabi/7.2.1/../../../../arm-none-eabi/lib/thumb/v7e-m/fpv4-sp/hard\libc_nano.a(lib_a-nano-mallocr.o)
 .ARM.attributes
                0x000009a3       0x34 c:/program files (x86)/gnu tools arm embedded/7 2017-q4-major/bin/../lib/gcc/arm-none-eabi/7.2.1/../../../../arm-none-eabi/lib/thumb/v7e-m/fpv4-sp/hard\libc_nano.a(lib_a-nano-vfprintf.o)
 .ARM.attributes
                0x000009d7       0x34 c:/program files (x86)/gnu tools arm embedded/7 2017-q4-major/bin/../lib/gcc/arm-none-eabi/7.2.1/../../../../arm-none-eabi/lib/thumb/v7e-m/fpv4-sp/hard\libc_nano.a(lib_a-sbrkr.o)
 .ARM.attributes
                0x00000a0b       0x34 c:/program files (x86)/gnu tools arm embedded/7 2017-q4-major/bin/../lib/gcc/arm-none-eabi/7.2.1/../../../../arm-none-eabi/lib/thumb/v7e-m/fpv4-sp/hard\libc_nano.a(lib_a-stdio.o)
 .ARM.attributes
                0x00000a3f       0x34 c:/program files (x86)/gnu tools arm embedded/7 2017-q4-major/bin/../lib/gcc/arm-none-eabi/7.2.1/../../../../arm-none-eabi/lib/thumb/v7e-m/fpv4-sp/hard\libc_nano.a(lib_a-wbuf.o)
 .ARM.attributes
                0x00000a73       0x34 c:/program files (x86)/gnu tools arm embedded/7 2017-q4-major/bin/../lib/gcc/arm-none-eabi/7.2.1/../../../../arm-none-eabi/lib/thumb/v7e-m/fpv4-sp/hard\libc_nano.a(lib_a-writer.o)
 .ARM.attributes
                0x00000aa7       0x34 c:/program files (x86)/gnu tools arm embedded/7 2017-q4-major/bin/../lib/gcc/arm-none-eabi/7.2.1/../../../../arm-none-eabi/lib/thumb/v7e-m/fpv4-sp/hard\libc_nano.a(lib_a-wsetup.o)
 .ARM.attributes
                0x00000adb       0x34 c:/program files (x86)/gnu tools arm embedded/7 2017-q4-major/bin/../lib/gcc/arm-none-eabi/7.2.1/../../../../arm-none-eabi/lib/thumb/v7e-m/fpv4-sp/hard\libc_nano.a(lib_a-closer.o)
 .ARM.attributes
                0x00000b0f       0x34 c:/program files (x86)/gnu tools arm embedded/7 2017-q4-major/bin/../lib/gcc/arm-none-eabi/7.2.1/../../../../arm-none-eabi/lib/thumb/v7e-m/fpv4-sp/hard\libc_nano.a(lib_a-fstatr.o)
 .ARM.attributes
                0x00000b43       0x34 c:/program files (x86)/gnu tools arm embedded/7 2017-q4-major/bin/../lib/gcc/arm-none-eabi/7.2.1/../../../../arm-none-eabi/lib/thumb/v7e-m/fpv4-sp/hard\libc_nano.a(lib_a-isattyr.o)
 .ARM.attributes
                0x00000b77       0x34 c:/program files (x86)/gnu tools arm embedded/7 2017-q4-major/bin/../lib/gcc/arm-none-eabi/7.2.1/../../../../arm-none-eabi/lib/thumb/v7e-m/fpv4-sp/hard\libc_nano.a(lib_a-locale.o)
 .ARM.attributes
                0x00000bab       0x34 c:/program files (x86)/gnu tools arm embedded/7 2017-q4-major/bin/../lib/gcc/arm-none-eabi/7.2.1/../../../../arm-none-eabi/lib/thumb/v7e-m/fpv4-sp/hard\libc_nano.a(lib_a-lseekr.o)
 .ARM.attributes
                0x00000bdf       0x34 c:/program files (x86)/gnu tools arm embedded/7 2017-q4-major/bin/../lib/gcc/arm-none-eabi/7.2.1/../../../../arm-none-eabi/lib/thumb/v7e-m/fpv4-sp/hard\libc_nano.a(lib_a-mbtowc_r.o)
 .ARM.attributes
                0x00000c13       0x34 c:/program files (x86)/gnu tools arm embedded/7 2017-q4-major/bin/../lib/gcc/arm-none-eabi/7.2.1/../../../../arm-none-eabi/lib/thumb/v7e-m/fpv4-sp/hard\libc_nano.a(lib_a-mlock.o)
 .ARM.attributes
                0x00000c47       0x34 c:/program files (x86)/gnu tools arm embedded/7 2017-q4-major/bin/../lib/gcc/arm-none-eabi/7.2.1/../../../../arm-none-eabi/lib/thumb/v7e-m/fpv4-sp/hard\libc_nano.a(lib_a-readr.o)
 .ARM.attributes
                0x00000c7b       0x34 c:/program files (x86)/gnu tools arm embedded/7 2017-q4-major/bin/../lib/gcc/arm-none-eabi/7.2.1/../../../../arm-none-eabi/lib/thumb/v7e-m/fpv4-sp/hard\libc_nano.a(lib_a-reent.o)
 .ARM.attributes
                0x00000caf       0x34 c:/program files (x86)/gnu tools arm embedded/7 2017-q4-major/bin/../lib/gcc/arm-none-eabi/7.2.1/../../../../arm-none-eabi/lib/thumb/v7e-m/fpv4-sp/hard\libc_nano.a(lib_a-wctomb_r.o)
 .ARM.attributes
                0x00000ce3       0x34 c:/program files (x86)/gnu tools arm embedded/7 2017-q4-major/bin/../lib/gcc/arm-none-eabi/7.2.1/../../../../arm-none-eabi/lib/thumb/v7e-m/fpv4-sp/hard\libc_nano.a(lib_a-ctype_.o)
 .ARM.attributes
                0x00000d17       0x22 c:/program files (x86)/gnu tools arm embedded/7 2017-q4-major/bin/../lib/gcc/arm-none-eabi/7.2.1/thumb/v7e-m/fpv4-sp/hard\libgcc.a(_arm_addsubdf3.o)
 .ARM.attributes
                0x00000d39       0x22 c:/program files (x86)/gnu tools arm embedded/7 2017-q4-major/bin/../lib/gcc/arm-none-eabi/7.2.1/thumb/v7e-m/fpv4-sp/hard\libgcc.a(_arm_muldivdf3.o)
 .ARM.attributes
                0x00000d5b       0x22 c:/program files (x86)/gnu tools arm embedded/7 2017-q4-major/bin/../lib/gcc/arm-none-eabi/7.2.1/thumb/v7e-m/fpv4-sp/hard\libgcc.a(_arm_cmpdf2.o)
 .ARM.attributes
                0x00000d7d       0x22 c:/program files (x86)/gnu tools arm embedded/7 2017-q4-major/bin/../lib/gcc/arm-none-eabi/7.2.1/thumb/v7e-m/fpv4-sp/hard\libgcc.a(_arm_unorddf2.o)
 .ARM.attributes
                0x00000d9f       0x22 c:/program files (x86)/gnu tools arm embedded/7 2017-q4-major/bin/../lib/gcc/arm-none-eabi/7.2.1/thumb/v7e-m/fpv4-sp/hard\libgcc.a(_arm_fixdfsi.o)
 .ARM.attributes
                0x00000dc1       0x22 c:/program files (x86)/gnu tools arm embedded/7 2017-q4-major/bin/../lib/gcc/arm-none-eabi/7.2.1/thumb/v7e-m/fpv4-sp/hard\libgcc.a(_aeabi_uldivmod.o)
 .ARM.attributes
                0x00000de3       0x34 c:/program files (x86)/gnu tools arm embedded/7 2017-q4-major/bin/../lib/gcc/arm-none-eabi/7.2.1/thumb/v7e-m/fpv4-sp/hard\libgcc.a(_udivmoddi4.o)
 .ARM.attributes
                0x00000e17       0x22 c:/program files (x86)/gnu tools arm embedded/7 2017-q4-major/bin/../lib/gcc/arm-none-eabi/7.2.1/thumb/v7e-m/fpv4-sp/hard\libgcc.a(_dvmd_tls.o)
 .ARM.attributes
                0x00000e39       0x22 c:/program files (x86)/gnu tools arm embedded/7 2017-q4-major/bin/../lib/gcc/arm-none-eabi/7.2.1/thumb/v7e-m/fpv4-sp/hard/crtn.o
OUTPUT(build/mmh2020.elf elf32-littlearm)

.debug_info     0x00000000    0x215a5
 .debug_info    0x00000000     0x3a31 build/stm32f4xx_hal_tim.o
 .debug_info    0x00003a31     0x1885 build/stm32f4xx_hal_cortex.o
 .debug_info    0x000052b6     0x1a6e build/tim.o
 .debug_info    0x00006d24     0x1329 build/stm32f4xx_hal.o
 .debug_info    0x0000804d     0x2652 build/main.o
 .debug_info    0x0000a69f      0xcd0 build/stm32f4xx_hal_msp.o
 .debug_info    0x0000b36f     0x216a build/stm32f4xx_hal_uart.o
 .debug_info    0x0000d4d9     0x138f build/usart.o
 .debug_info    0x0000e868     0x26a2 build/spi.o
 .debug_info    0x00010f0a     0x1d69 build/stm32f4xx_hal_tim_ex.o
 .debug_info    0x00012c73      0xeb2 build/system_stm32f4xx.o
 .debug_info    0x00013b25     0x113d build/stm32f4xx_hal_gpio.o
 .debug_info    0x00014c62     0x10a3 build/stm32f4xx_it.o
 .debug_info    0x00015d05     0x17ec build/stm32f4xx_hal_adc.o
 .debug_info    0x000174f1     0x2052 build/adc.o
 .debug_info    0x00019543      0xf79 build/gpio.o
 .debug_info    0x0001a4bc     0x1448 build/stm32f4xx_hal_rcc.o
 .debug_info    0x0001b904     0x245c build/stm32f4xx_hal_spi.o
 .debug_info    0x0001dd60      0xa67 build/variable.o
 .debug_info    0x0001e7c7     0x114b build/syscalls.o
 .debug_info    0x0001f912     0x1c71 build/function.o
 .debug_info    0x00021583       0x22 build/startup_stm32f411xe.o

.debug_abbrev   0x00000000     0x381e
 .debug_abbrev  0x00000000      0x310 build/stm32f4xx_hal_tim.o
 .debug_abbrev  0x00000310      0x3dc build/stm32f4xx_hal_cortex.o
 .debug_abbrev  0x000006ec      0x2e3 build/tim.o
 .debug_abbrev  0x000009cf      0x2e1 build/stm32f4xx_hal.o
 .debug_abbrev  0x00000cb0      0x2a5 build/main.o
 .debug_abbrev  0x00000f55      0x1ed build/stm32f4xx_hal_msp.o
 .debug_abbrev  0x00001142      0x375 build/stm32f4xx_hal_uart.o
 .debug_abbrev  0x000014b7      0x23b build/usart.o
 .debug_abbrev  0x000016f2      0x331 build/spi.o
 .debug_abbrev  0x00001a23      0x2f8 build/stm32f4xx_hal_tim_ex.o
 .debug_abbrev  0x00001d1b      0x1e6 build/system_stm32f4xx.o
 .debug_abbrev  0x00001f01      0x2be build/stm32f4xx_hal_gpio.o
 .debug_abbrev  0x000021bf      0x204 build/stm32f4xx_it.o
 .debug_abbrev  0x000023c3      0x2f1 build/stm32f4xx_hal_adc.o
 .debug_abbrev  0x000026b4      0x34a build/adc.o
 .debug_abbrev  0x000029fe      0x236 build/gpio.o
 .debug_abbrev  0x00002c34      0x32f build/stm32f4xx_hal_rcc.o
 .debug_abbrev  0x00002f63      0x323 build/stm32f4xx_hal_spi.o
 .debug_abbrev  0x00003286       0xa2 build/variable.o
 .debug_abbrev  0x00003328      0x2d3 build/syscalls.o
 .debug_abbrev  0x000035fb      0x211 build/function.o
 .debug_abbrev  0x0000380c       0x12 build/startup_stm32f411xe.o

.debug_loc      0x00000000     0xc145
 .debug_loc     0x00000000     0x40cc build/stm32f4xx_hal_tim.o
 .debug_loc     0x000040cc      0x65e build/stm32f4xx_hal_cortex.o
 .debug_loc     0x0000472a      0x300 build/tim.o
 .debug_loc     0x00004a2a      0x19d build/stm32f4xx_hal.o
 .debug_loc     0x00004bc7       0xbd build/main.o
 .debug_loc     0x00004c84       0x20 build/stm32f4xx_hal_msp.o
 .debug_loc     0x00004ca4     0x1a3f build/stm32f4xx_hal_uart.o
 .debug_loc     0x000066e3       0xd3 build/usart.o
 .debug_loc     0x000067b6      0x5eb build/spi.o
 .debug_loc     0x00006da1     0x131e build/stm32f4xx_hal_tim_ex.o
 .debug_loc     0x000080bf      0x13e build/system_stm32f4xx.o
 .debug_loc     0x000081fd      0x531 build/stm32f4xx_hal_gpio.o
 .debug_loc     0x0000872e       0x20 build/stm32f4xx_it.o
 .debug_loc     0x0000874e      0xbd0 build/stm32f4xx_hal_adc.o
 .debug_loc     0x0000931e      0x323 build/adc.o
 .debug_loc     0x00009641       0x79 build/gpio.o
 .debug_loc     0x000096ba      0x555 build/stm32f4xx_hal_rcc.o
 .debug_loc     0x00009c0f     0x1ffb build/stm32f4xx_hal_spi.o
 .debug_loc     0x0000bc0a      0x51b build/syscalls.o
 .debug_loc     0x0000c125       0x20 build/function.o

.debug_aranges  0x00000000      0xf60
 .debug_aranges
                0x00000000      0x368 build/stm32f4xx_hal_tim.o
 .debug_aranges
                0x00000368       0xa8 build/stm32f4xx_hal_cortex.o
 .debug_aranges
                0x00000410       0x58 build/tim.o
 .debug_aranges
                0x00000468       0xe0 build/stm32f4xx_hal.o
 .debug_aranges
                0x00000548       0x38 build/main.o
 .debug_aranges
                0x00000580       0x20 build/stm32f4xx_hal_msp.o
 .debug_aranges
                0x000005a0      0x1d0 build/stm32f4xx_hal_uart.o
 .debug_aranges
                0x00000770       0x30 build/usart.o
 .debug_aranges
                0x000007a0       0xb8 build/spi.o
 .debug_aranges
                0x00000858      0x140 build/stm32f4xx_hal_tim_ex.o
 .debug_aranges
                0x00000998       0x28 build/system_stm32f4xx.o
 .debug_aranges
                0x000009c0       0x58 build/stm32f4xx_hal_gpio.o
 .debug_aranges
                0x00000a18       0x60 build/stm32f4xx_it.o
 .debug_aranges
                0x00000a78       0xe8 build/stm32f4xx_hal_adc.o
 .debug_aranges
                0x00000b60       0x78 build/adc.o
 .debug_aranges
                0x00000bd8       0x28 build/gpio.o
 .debug_aranges
                0x00000c00       0x88 build/stm32f4xx_hal_rcc.o
 .debug_aranges
                0x00000c88      0x1c8 build/stm32f4xx_hal_spi.o
 .debug_aranges
                0x00000e50       0x18 build/variable.o
 .debug_aranges
                0x00000e68       0xb0 build/syscalls.o
 .debug_aranges
                0x00000f18       0x20 build/function.o
 .debug_aranges
                0x00000f38       0x28 build/startup_stm32f411xe.o

.debug_ranges   0x00000000      0xe90
 .debug_ranges  0x00000000      0x358 build/stm32f4xx_hal_tim.o
 .debug_ranges  0x00000358       0xf8 build/stm32f4xx_hal_cortex.o
 .debug_ranges  0x00000450       0x48 build/tim.o
 .debug_ranges  0x00000498       0xd0 build/stm32f4xx_hal.o
 .debug_ranges  0x00000568       0x28 build/main.o
 .debug_ranges  0x00000590       0x10 build/stm32f4xx_hal_msp.o
 .debug_ranges  0x000005a0      0x1c0 build/stm32f4xx_hal_uart.o
 .debug_ranges  0x00000760       0x20 build/usart.o
 .debug_ranges  0x00000780       0xa8 build/spi.o
 .debug_ranges  0x00000828      0x130 build/stm32f4xx_hal_tim_ex.o
 .debug_ranges  0x00000958       0x18 build/system_stm32f4xx.o
 .debug_ranges  0x00000970       0x48 build/stm32f4xx_hal_gpio.o
 .debug_ranges  0x000009b8       0x50 build/stm32f4xx_it.o
 .debug_ranges  0x00000a08       0xd8 build/stm32f4xx_hal_adc.o
 .debug_ranges  0x00000ae0       0x80 build/adc.o
 .debug_ranges  0x00000b60       0x18 build/gpio.o
 .debug_ranges  0x00000b78       0x90 build/stm32f4xx_hal_rcc.o
 .debug_ranges  0x00000c08      0x1b8 build/stm32f4xx_hal_spi.o
 .debug_ranges  0x00000dc0       0xa0 build/syscalls.o
 .debug_ranges  0x00000e60       0x10 build/function.o
 .debug_ranges  0x00000e70       0x20 build/startup_stm32f411xe.o

.debug_line     0x00000000     0x757d
 .debug_line    0x00000000     0x129a build/stm32f4xx_hal_tim.o
 .debug_line    0x0000129a      0x4c2 build/stm32f4xx_hal_cortex.o
 .debug_line    0x0000175c      0x417 build/tim.o
 .debug_line    0x00001b73      0x482 build/stm32f4xx_hal.o
 .debug_line    0x00001ff5      0x42d build/main.o
 .debug_line    0x00002422      0x264 build/stm32f4xx_hal_msp.o
 .debug_line    0x00002686      0xbd9 build/stm32f4xx_hal_uart.o
 .debug_line    0x0000325f      0x2e3 build/usart.o
 .debug_line    0x00003542      0x508 build/spi.o
 .debug_line    0x00003a4a      0x878 build/stm32f4xx_hal_tim_ex.o
 .debug_line    0x000042c2      0x255 build/system_stm32f4xx.o
 .debug_line    0x00004517      0x3f2 build/stm32f4xx_hal_gpio.o
 .debug_line    0x00004909      0x344 build/stm32f4xx_it.o
 .debug_line    0x00004c4d      0x75f build/stm32f4xx_hal_adc.o
 .debug_line    0x000053ac      0x4e9 build/adc.o
 .debug_line    0x00005895      0x277 build/gpio.o
 .debug_line    0x00005b0c      0x546 build/stm32f4xx_hal_rcc.o
 .debug_line    0x00006052      0xca9 build/stm32f4xx_hal_spi.o
 .debug_line    0x00006cfb      0x116 build/variable.o
 .debug_line    0x00006e11      0x3a7 build/syscalls.o
 .debug_line    0x000071b8      0x351 build/function.o
 .debug_line    0x00007509       0x74 build/startup_stm32f411xe.o

.debug_str      0x00000000     0x49d4
 .debug_str     0x00000000     0x16b1 build/stm32f4xx_hal_tim.o
                               0x17cf (size before relaxing)
 .debug_str     0x000016b1      0x7ea build/stm32f4xx_hal_cortex.o
                                0xedc (size before relaxing)
 .debug_str     0x00001e9b      0x30c build/tim.o
                                0xe36 (size before relaxing)
 .debug_str     0x000021a7      0x2f2 build/stm32f4xx_hal.o
                                0xe17 (size before relaxing)
 .debug_str     0x00002499      0xadf build/main.o
                               0x1a94 (size before relaxing)
 .debug_str     0x00002f78       0x18 build/stm32f4xx_hal_msp.o
                                0x9b7 (size before relaxing)
 .debug_str     0x00002f90      0x56c build/stm32f4xx_hal_uart.o
                               0x100c (size before relaxing)
 .debug_str     0x000034fc       0x27 build/usart.o
                                0xbfa (size before relaxing)
 .debug_str     0x00003523      0x1ab build/spi.o
                               0x12ce (size before relaxing)
 .debug_str     0x000036ce      0x49a build/stm32f4xx_hal_tim_ex.o
                               0x108f (size before relaxing)
 .debug_str     0x00003b68       0x53 build/system_stm32f4xx.o
                                0x780 (size before relaxing)
 .debug_str     0x00003bbb      0x116 build/stm32f4xx_hal_gpio.o
                                0x91c (size before relaxing)
 .debug_str     0x00003cd1       0xa3 build/stm32f4xx_it.o
                                0xadc (size before relaxing)
 .debug_str     0x00003d74      0x2fa build/stm32f4xx_hal_adc.o
                                0xd5d (size before relaxing)
 .debug_str     0x0000406e       0xe3 build/adc.o
                               0x1251 (size before relaxing)
 .debug_str     0x00004151       0x13 build/gpio.o
                                0x7bd (size before relaxing)
 .debug_str     0x00004164      0x13c build/stm32f4xx_hal_rcc.o
                                0xaef (size before relaxing)
 .debug_str     0x000042a0      0x494 build/stm32f4xx_hal_spi.o
                                0xf94 (size before relaxing)
 .debug_str     0x00004734        0xf build/variable.o
                                0x688 (size before relaxing)
 .debug_str     0x00004743      0x256 build/syscalls.o
                                0x82d (size before relaxing)
 .debug_str     0x00004999       0x16 build/function.o
                               0x1260 (size before relaxing)
 .debug_str     0x000049af       0x25 build/startup_stm32f411xe.o
                                 0x55 (size before relaxing)

.comment        0x00000000       0x7e
 .comment       0x00000000       0x7e build/stm32f4xx_hal_tim.o
                                 0x7f (size before relaxing)
 .comment       0x0000007e       0x7f build/stm32f4xx_hal_cortex.o
 .comment       0x0000007e       0x7f build/tim.o
 .comment       0x0000007e       0x7f build/stm32f4xx_hal.o
 .comment       0x0000007e       0x7f build/main.o
 .comment       0x0000007e       0x7f build/stm32f4xx_hal_msp.o
 .comment       0x0000007e       0x7f build/stm32f4xx_hal_uart.o
 .comment       0x0000007e       0x7f build/usart.o
 .comment       0x0000007e       0x7f build/spi.o
 .comment       0x0000007e       0x7f build/stm32f4xx_hal_tim_ex.o
 .comment       0x0000007e       0x7f build/system_stm32f4xx.o
 .comment       0x0000007e       0x7f build/stm32f4xx_hal_gpio.o
 .comment       0x0000007e       0x7f build/stm32f4xx_it.o
 .comment       0x0000007e       0x7f build/stm32f4xx_hal_adc.o
 .comment       0x0000007e       0x7f build/adc.o
 .comment       0x0000007e       0x7f build/gpio.o
 .comment       0x0000007e       0x7f build/stm32f4xx_hal_rcc.o
 .comment       0x0000007e       0x7f build/stm32f4xx_hal_spi.o
 .comment       0x0000007e       0x7f build/variable.o
 .comment       0x0000007e       0x7f build/syscalls.o
 .comment       0x0000007e       0x7f build/function.o

.debug_frame    0x00000000     0x3b04
 .debug_frame   0x00000000      0xb1c build/stm32f4xx_hal_tim.o
 .debug_frame   0x00000b1c      0x16c build/stm32f4xx_hal_cortex.o
 .debug_frame   0x00000c88       0xf4 build/tim.o
 .debug_frame   0x00000d7c      0x1e0 build/stm32f4xx_hal.o
 .debug_frame   0x00000f5c       0x7c build/main.o
 .debug_frame   0x00000fd8       0x2c build/stm32f4xx_hal_msp.o
 .debug_frame   0x00001004      0x57c build/stm32f4xx_hal_uart.o
 .debug_frame   0x00001580       0x64 build/usart.o
 .debug_frame   0x000015e4      0x248 build/spi.o
 .debug_frame   0x0000182c      0x3f0 build/stm32f4xx_hal_tim_ex.o
 .debug_frame   0x00001c1c       0x30 build/system_stm32f4xx.o
 .debug_frame   0x00001c4c       0xec build/stm32f4xx_hal_gpio.o
 .debug_frame   0x00001d38       0xac build/stm32f4xx_it.o
 .debug_frame   0x00001de4      0x2b8 build/stm32f4xx_hal_adc.o
 .debug_frame   0x0000209c      0x178 build/adc.o
 .debug_frame   0x00002214       0x5c build/gpio.o
 .debug_frame   0x00002270      0x1c4 build/stm32f4xx_hal_rcc.o
 .debug_frame   0x00002434      0x5ec build/stm32f4xx_hal_spi.o
 .debug_frame   0x00002a20      0x1d8 build/syscalls.o
 .debug_frame   0x00002bf8       0x2c build/function.o
 .debug_frame   0x00002c24       0x20 c:/program files (x86)/gnu tools arm embedded/7 2017-q4-major/bin/../lib/gcc/arm-none-eabi/7.2.1/../../../../arm-none-eabi/lib/thumb/v7e-m/fpv4-sp/hard\libc_nano.a(lib_a-errno.o)
 .debug_frame   0x00002c44       0x2c c:/program files (x86)/gnu tools arm embedded/7 2017-q4-major/bin/../lib/gcc/arm-none-eabi/7.2.1/../../../../arm-none-eabi/lib/thumb/v7e-m/fpv4-sp/hard\libc_nano.a(lib_a-init.o)
 .debug_frame   0x00002c70       0x20 c:/program files (x86)/gnu tools arm embedded/7 2017-q4-major/bin/../lib/gcc/arm-none-eabi/7.2.1/../../../../arm-none-eabi/lib/thumb/v7e-m/fpv4-sp/hard\libc_nano.a(lib_a-memset.o)
 .debug_frame   0x00002c90       0x8c c:/program files (x86)/gnu tools arm embedded/7 2017-q4-major/bin/../lib/gcc/arm-none-eabi/7.2.1/../../../../arm-none-eabi/lib/thumb/v7e-m/fpv4-sp/hard\libc_nano.a(lib_a-nano-vfprintf_float.o)
 .debug_frame   0x00002d1c       0x60 c:/program files (x86)/gnu tools arm embedded/7 2017-q4-major/bin/../lib/gcc/arm-none-eabi/7.2.1/../../../../arm-none-eabi/lib/thumb/v7e-m/fpv4-sp/hard\libc_nano.a(lib_a-nano-vfprintf_i.o)
 .debug_frame   0x00002d7c       0x74 c:/program files (x86)/gnu tools arm embedded/7 2017-q4-major/bin/../lib/gcc/arm-none-eabi/7.2.1/../../../../arm-none-eabi/lib/thumb/v7e-m/fpv4-sp/hard\libc_nano.a(lib_a-printf.o)
 .debug_frame   0x00002df0       0x20 c:/program files (x86)/gnu tools arm embedded/7 2017-q4-major/bin/../lib/gcc/arm-none-eabi/7.2.1/../../../../arm-none-eabi/lib/thumb/v7e-m/fpv4-sp/hard\libc_nano.a(lib_a-setbuf.o)
 .debug_frame   0x00002e10       0x38 c:/program files (x86)/gnu tools arm embedded/7 2017-q4-major/bin/../lib/gcc/arm-none-eabi/7.2.1/../../../../arm-none-eabi/lib/thumb/v7e-m/fpv4-sp/hard\libc_nano.a(lib_a-setvbuf.o)
 .debug_frame   0x00002e48       0x70 c:/program files (x86)/gnu tools arm embedded/7 2017-q4-major/bin/../lib/gcc/arm-none-eabi/7.2.1/../../../../arm-none-eabi/lib/thumb/v7e-m/fpv4-sp/hard\libc_nano.a(lib_a-dtoa.o)
 .debug_frame   0x00002eb8       0x68 c:/program files (x86)/gnu tools arm embedded/7 2017-q4-major/bin/../lib/gcc/arm-none-eabi/7.2.1/../../../../arm-none-eabi/lib/thumb/v7e-m/fpv4-sp/hard\libc_nano.a(lib_a-fflush.o)
 .debug_frame   0x00002f20      0x11c c:/program files (x86)/gnu tools arm embedded/7 2017-q4-major/bin/../lib/gcc/arm-none-eabi/7.2.1/../../../../arm-none-eabi/lib/thumb/v7e-m/fpv4-sp/hard\libc_nano.a(lib_a-findfp.o)
 .debug_frame   0x0000303c       0x54 c:/program files (x86)/gnu tools arm embedded/7 2017-q4-major/bin/../lib/gcc/arm-none-eabi/7.2.1/../../../../arm-none-eabi/lib/thumb/v7e-m/fpv4-sp/hard\libc_nano.a(lib_a-fwalk.o)
 .debug_frame   0x00003090       0x40 c:/program files (x86)/gnu tools arm embedded/7 2017-q4-major/bin/../lib/gcc/arm-none-eabi/7.2.1/../../../../arm-none-eabi/lib/thumb/v7e-m/fpv4-sp/hard\libc_nano.a(lib_a-localeconv.o)
 .debug_frame   0x000030d0       0x58 c:/program files (x86)/gnu tools arm embedded/7 2017-q4-major/bin/../lib/gcc/arm-none-eabi/7.2.1/../../../../arm-none-eabi/lib/thumb/v7e-m/fpv4-sp/hard\libc_nano.a(lib_a-makebuf.o)
 .debug_frame   0x00003128       0x30 c:/program files (x86)/gnu tools arm embedded/7 2017-q4-major/bin/../lib/gcc/arm-none-eabi/7.2.1/../../../../arm-none-eabi/lib/thumb/v7e-m/fpv4-sp/hard\libc_nano.a(lib_a-malloc.o)
 .debug_frame   0x00003158       0x28 c:/program files (x86)/gnu tools arm embedded/7 2017-q4-major/bin/../lib/gcc/arm-none-eabi/7.2.1/../../../../arm-none-eabi/lib/thumb/v7e-m/fpv4-sp/hard\libc_nano.a(lib_a-memcpy-stub.o)
 .debug_frame   0x00003180      0x244 c:/program files (x86)/gnu tools arm embedded/7 2017-q4-major/bin/../lib/gcc/arm-none-eabi/7.2.1/../../../../arm-none-eabi/lib/thumb/v7e-m/fpv4-sp/hard\libc_nano.a(lib_a-mprec.o)
 .debug_frame   0x000033c4       0x2c c:/program files (x86)/gnu tools arm embedded/7 2017-q4-major/bin/../lib/gcc/arm-none-eabi/7.2.1/../../../../arm-none-eabi/lib/thumb/v7e-m/fpv4-sp/hard\libc_nano.a(lib_a-nano-callocr.o)
 .debug_frame   0x000033f0       0x38 c:/program files (x86)/gnu tools arm embedded/7 2017-q4-major/bin/../lib/gcc/arm-none-eabi/7.2.1/../../../../arm-none-eabi/lib/thumb/v7e-m/fpv4-sp/hard\libc_nano.a(lib_a-nano-freer.o)
 .debug_frame   0x00003428       0x2c c:/program files (x86)/gnu tools arm embedded/7 2017-q4-major/bin/../lib/gcc/arm-none-eabi/7.2.1/../../../../arm-none-eabi/lib/thumb/v7e-m/fpv4-sp/hard\libc_nano.a(lib_a-nano-mallocr.o)
 .debug_frame   0x00003454       0xac c:/program files (x86)/gnu tools arm embedded/7 2017-q4-major/bin/../lib/gcc/arm-none-eabi/7.2.1/../../../../arm-none-eabi/lib/thumb/v7e-m/fpv4-sp/hard\libc_nano.a(lib_a-nano-vfprintf.o)
 .debug_frame   0x00003500       0x2c c:/program files (x86)/gnu tools arm embedded/7 2017-q4-major/bin/../lib/gcc/arm-none-eabi/7.2.1/../../../../arm-none-eabi/lib/thumb/v7e-m/fpv4-sp/hard\libc_nano.a(lib_a-sbrkr.o)
 .debug_frame   0x0000352c       0x88 c:/program files (x86)/gnu tools arm embedded/7 2017-q4-major/bin/../lib/gcc/arm-none-eabi/7.2.1/../../../../arm-none-eabi/lib/thumb/v7e-m/fpv4-sp/hard\libc_nano.a(lib_a-stdio.o)
 .debug_frame   0x000035b4       0x40 c:/program files (x86)/gnu tools arm embedded/7 2017-q4-major/bin/../lib/gcc/arm-none-eabi/7.2.1/../../../../arm-none-eabi/lib/thumb/v7e-m/fpv4-sp/hard\libc_nano.a(lib_a-wbuf.o)
 .debug_frame   0x000035f4       0x2c c:/program files (x86)/gnu tools arm embedded/7 2017-q4-major/bin/../lib/gcc/arm-none-eabi/7.2.1/../../../../arm-none-eabi/lib/thumb/v7e-m/fpv4-sp/hard\libc_nano.a(lib_a-writer.o)
 .debug_frame   0x00003620       0x2c c:/program files (x86)/gnu tools arm embedded/7 2017-q4-major/bin/../lib/gcc/arm-none-eabi/7.2.1/../../../../arm-none-eabi/lib/thumb/v7e-m/fpv4-sp/hard\libc_nano.a(lib_a-wsetup.o)
 .debug_frame   0x0000364c       0x2c c:/program files (x86)/gnu tools arm embedded/7 2017-q4-major/bin/../lib/gcc/arm-none-eabi/7.2.1/../../../../arm-none-eabi/lib/thumb/v7e-m/fpv4-sp/hard\libc_nano.a(lib_a-closer.o)
 .debug_frame   0x00003678       0x2c c:/program files (x86)/gnu tools arm embedded/7 2017-q4-major/bin/../lib/gcc/arm-none-eabi/7.2.1/../../../../arm-none-eabi/lib/thumb/v7e-m/fpv4-sp/hard\libc_nano.a(lib_a-fstatr.o)
 .debug_frame   0x000036a4       0x2c c:/program files (x86)/gnu tools arm embedded/7 2017-q4-major/bin/../lib/gcc/arm-none-eabi/7.2.1/../../../../arm-none-eabi/lib/thumb/v7e-m/fpv4-sp/hard\libc_nano.a(lib_a-isattyr.o)
 .debug_frame   0x000036d0       0x68 c:/program files (x86)/gnu tools arm embedded/7 2017-q4-major/bin/../lib/gcc/arm-none-eabi/7.2.1/../../../../arm-none-eabi/lib/thumb/v7e-m/fpv4-sp/hard\libc_nano.a(lib_a-locale.o)
 .debug_frame   0x00003738       0x2c c:/program files (x86)/gnu tools arm embedded/7 2017-q4-major/bin/../lib/gcc/arm-none-eabi/7.2.1/../../../../arm-none-eabi/lib/thumb/v7e-m/fpv4-sp/hard\libc_nano.a(lib_a-lseekr.o)
 .debug_frame   0x00003764       0x48 c:/program files (x86)/gnu tools arm embedded/7 2017-q4-major/bin/../lib/gcc/arm-none-eabi/7.2.1/../../../../arm-none-eabi/lib/thumb/v7e-m/fpv4-sp/hard\libc_nano.a(lib_a-mbtowc_r.o)
 .debug_frame   0x000037ac       0x30 c:/program files (x86)/gnu tools arm embedded/7 2017-q4-major/bin/../lib/gcc/arm-none-eabi/7.2.1/../../../../arm-none-eabi/lib/thumb/v7e-m/fpv4-sp/hard\libc_nano.a(lib_a-mlock.o)
 .debug_frame   0x000037dc       0x2c c:/program files (x86)/gnu tools arm embedded/7 2017-q4-major/bin/../lib/gcc/arm-none-eabi/7.2.1/../../../../arm-none-eabi/lib/thumb/v7e-m/fpv4-sp/hard\libc_nano.a(lib_a-readr.o)
 .debug_frame   0x00003808       0x5c c:/program files (x86)/gnu tools arm embedded/7 2017-q4-major/bin/../lib/gcc/arm-none-eabi/7.2.1/../../../../arm-none-eabi/lib/thumb/v7e-m/fpv4-sp/hard\libc_nano.a(lib_a-reent.o)
 .debug_frame   0x00003864       0x3c c:/program files (x86)/gnu tools arm embedded/7 2017-q4-major/bin/../lib/gcc/arm-none-eabi/7.2.1/../../../../arm-none-eabi/lib/thumb/v7e-m/fpv4-sp/hard\libc_nano.a(lib_a-wctomb_r.o)
 .debug_frame   0x000038a0       0xac c:/program files (x86)/gnu tools arm embedded/7 2017-q4-major/bin/../lib/gcc/arm-none-eabi/7.2.1/thumb/v7e-m/fpv4-sp/hard\libgcc.a(_arm_addsubdf3.o)
 .debug_frame   0x0000394c       0x50 c:/program files (x86)/gnu tools arm embedded/7 2017-q4-major/bin/../lib/gcc/arm-none-eabi/7.2.1/thumb/v7e-m/fpv4-sp/hard\libgcc.a(_arm_muldivdf3.o)
 .debug_frame   0x0000399c       0xc4 c:/program files (x86)/gnu tools arm embedded/7 2017-q4-major/bin/../lib/gcc/arm-none-eabi/7.2.1/thumb/v7e-m/fpv4-sp/hard\libgcc.a(_arm_cmpdf2.o)
 .debug_frame   0x00003a60       0x20 c:/program files (x86)/gnu tools arm embedded/7 2017-q4-major/bin/../lib/gcc/arm-none-eabi/7.2.1/thumb/v7e-m/fpv4-sp/hard\libgcc.a(_arm_unorddf2.o)
 .debug_frame   0x00003a80       0x24 c:/program files (x86)/gnu tools arm embedded/7 2017-q4-major/bin/../lib/gcc/arm-none-eabi/7.2.1/thumb/v7e-m/fpv4-sp/hard\libgcc.a(_arm_fixdfsi.o)
 .debug_frame   0x00003aa4       0x2c c:/program files (x86)/gnu tools arm embedded/7 2017-q4-major/bin/../lib/gcc/arm-none-eabi/7.2.1/thumb/v7e-m/fpv4-sp/hard\libgcc.a(_aeabi_uldivmod.o)
 .debug_frame   0x00003ad0       0x34 c:/program files (x86)/gnu tools arm embedded/7 2017-q4-major/bin/../lib/gcc/arm-none-eabi/7.2.1/thumb/v7e-m/fpv4-sp/hard\libgcc.a(_udivmoddi4.o)

Cross Reference Table

Symbol                                            File
ADCBuff                                           build/adc.o
ADCOffData                                        build/adc.o
ADCOntData                                        build/adc.o
ADC_IRQHandler                                    build/startup_stm32f411xe.o
AHBPrescTable                                     build/system_stm32f4xx.o
                                                  build/stm32f4xx_hal_rcc.o
APBPrescTable                                     build/system_stm32f4xx.o